 gameaxp

 Timestamp is 5fc372b1 (Sun Nov 29 13:06:41 2020)

 Preferred load address is 10000000

 Start         Length     Name                   Class
 0001:00000000 0019b460H .text                   CODE
 0001:0019b460 00001187H .text$x                 CODE
 0002:00000000 00000104H .CRT$XCA                DATA
 0002:00000104 00000104H .CRT$XCZ                DATA
 0002:00000208 00000104H .CRT$XIA                DATA
 0002:0000030c 00000118H .CRT$XIC                DATA
 0002:00000424 00000104H .CRT$XIZ                DATA
 0002:00000528 00000104H .CRT$XPA                DATA
 0002:0000062c 00000109H .CRT$XPX                DATA
 0002:00000738 00000104H .CRT$XPXA               DATA
 0002:0000083c 00000104H .CRT$XPZ                DATA
 0002:00000940 00000104H .CRT$XTA                DATA
 0002:00000a44 00000104H .CRT$XTZ                DATA
 0002:00000b50 00020dadH .rdata                  DATA
 0002:00021900 0000016cH .rdata$debug            DATA
 0002:00021a6c 0000031eH .rdata$r                DATA
 0002:00021d90 00000139H .rdata$sxdata           DATA
 0002:00021ecc 00000104H .rtc$IAA                DATA
 0002:00021fd0 00000104H .rtc$IZZ                DATA
 0002:000220d4 00000104H .rtc$TAA                DATA
 0002:000221d8 00000104H .rtc$TZZ                DATA
 0002:000222e0 00001313H .xdata$x                DATA
 0002:00023600 00000157H .edata                  DATA
 0003:00000000 00042dafH .data                   DATA
 0003:00042dc0 00054888H .bss                    DATA
 0004:00000000 00000014H .idata$2                DATA
 0004:00000014 00000014H .idata$3                DATA
 0004:00000028 00000200H .idata$4                DATA
 0004:00000228 00000200H .idata$5                DATA
 0004:00000428 000008c9H .idata$6                DATA
 0005:00000000 0000026cH .rsrc$01                DATA
 0005:00000270 00000f70H .rsrc$02                DATA

  Address         Publics by Value              Rva+Base       Lib:Object

 0000:00000000       __except_list              00000000     <absolute>
 0000:0000000c       ___safe_se_handler_count   0000000c     <absolute>
 0000:00000000       ___ImageBase               10000000     <linker-defined>
 0001:00005b00       _DBall_CheckDMRules        10006b00 f   dm_ball.obj
 0001:00005b90       _DBall_ClientBegin         10006b90 f   dm_ball.obj
 0001:00005d50       _DBall_SelectSpawnPoint    10006d50 f   dm_ball.obj
 0001:00005ec0       _DBall_GameInit            10006ec0 f   dm_ball.obj
 0001:00005f70       _DBall_PostInitSetup       10006f70 f   dm_ball.obj
 0001:00006020       _DBall_ChangeDamage        10007020 f   dm_ball.obj
 0001:00006050       _DBall_ChangeKnockback     10007050 f   dm_ball.obj
 0001:000061a0       _DBall_GoalTouch           100071a0 f   dm_ball.obj
 0001:000064d0       _PickBallStart             100074d0 f   dm_ball.obj
 0001:00006580       _DBall_BallTouch           10007580 f   dm_ball.obj
 0001:000066c0       _DBall_BallPain            100076c0 f   dm_ball.obj
 0001:000066f0       _DBall_BallDie             100076f0 f   dm_ball.obj
 0001:000067d0       _DBall_BallRespawn         100077d0 f   dm_ball.obj
 0001:00006920       _DBall_SpeedTouch          10007920 f   dm_ball.obj
 0001:00006a40       _SP_dm_dball_ball          10007a40 f   dm_ball.obj
 0001:00006bb0       _SP_dm_dball_team1_start   10007bb0 f   dm_ball.obj
 0001:00006c10       _SP_dm_dball_team2_start   10007c10 f   dm_ball.obj
 0001:00006c70       _SP_dm_dball_ball_start    10007c70 f   dm_ball.obj
 0001:00006cd0       _SP_dm_dball_speed_change  10007cd0 f   dm_ball.obj
 0001:00006e30       _SP_dm_dball_goal          10007e30 f   dm_ball.obj
 0001:00007460       _Tag_PlayerDeath           10008460 f   dm_tag.obj
 0001:000074b0       _Tag_KillItBonus           100084b0 f   dm_tag.obj
 0001:00007570       _Tag_PlayerDisconnect      10008570 f   dm_tag.obj
 0001:000075c0       _Tag_Score                 100085c0 f   dm_tag.obj
 0001:00007750       _Tag_PickupToken           10008750 f   dm_tag.obj
 0001:00007800       _Tag_Respawn               10008800 f   dm_tag.obj
 0001:00007860       _Tag_MakeTouchable         10008860 f   dm_tag.obj
 0001:000078d0       _Tag_DropToken             100088d0 f   dm_tag.obj
 0001:00007ba0       _Tag_PlayerEffects         10008ba0 f   dm_tag.obj
 0001:00007bd0       _Tag_DogTag                10008bd0 f   dm_tag.obj
 0001:00007bf0       _Tag_ChangeDamage          10008bf0 f   dm_tag.obj
 0001:00007c20       _Tag_GameInit              10008c20 f   dm_tag.obj
 0001:00007c50       _Tag_PostInitSetup         10008c50 f   dm_tag.obj
 0001:00007d10       _SP_dm_tag_token           10008d10 f   dm_tag.obj
 0001:00008020       _AI_SetSightClient         10009020 f   g_ai.obj
 0001:00008120       _ai_move                   10009120 f   g_ai.obj
 0001:00008150       _ai_stand                  10009150 f   g_ai.obj
 0001:00008750       _ai_walk                   10009750 f   g_ai.obj
 0001:00008880       _ai_charge                 10009880 f   g_ai.obj
 0001:00008ac0       _ai_turn                   10009ac0 f   g_ai.obj
 0001:00008b30       _range                     10009b30 f   g_ai.obj
 0001:00008bd0       _visible                   10009bd0 f   g_ai.obj
 0001:00008e40       _infront                   10009e40 f   g_ai.obj
 0001:00008ed0       _canReach                  10009ed0 f   g_ai.obj
 0001:00008fb0       _HuntTarget                10009fb0 f   g_ai.obj
 0001:00009090       _FoundTarget               1000a090 f   g_ai.obj
 0001:000093f0       _FindTarget                1000a3f0 f   g_ai.obj
 0001:00009b80       _FacingIdeal               1000ab80 f   g_ai.obj
 0001:00009be0       _M_CheckAttack             1000abe0 f   g_ai.obj
 0001:0000a180       _ai_run_melee              1000b180 f   g_ai.obj
 0001:0000a1e0       _ai_run_missile            1000b1e0 f   g_ai.obj
 0001:0000a260       _ai_run_slide              1000b260 f   g_ai.obj
 0001:0000a3d0       _ai_checkattack            1000b3d0 f   g_ai.obj
 0001:0000aa30       _ai_run                    1000ba30 f   g_ai.obj
 0001:0000ba80       _ai_chicken                1000ca80 f   g_ai.obj
 0001:0000d0d0       _camera_off                1000e0d0 f   g_camera.obj
 0001:0000d490       _faker_animate             1000e490 f   g_camera.obj
 0001:0000d500       _camera_on                 1000e500 f   g_camera.obj
 0001:0000da60       _G_FindNextCamera          1000ea60 f   g_camera.obj
 0001:0000de20       _G_FindPrevCamera          1000ee20 f   g_camera.obj
 0001:0000e130       _use_camera                1000f130 f   g_camera.obj
 0001:0000e240       _func_monitor_init         1000f240 f   g_camera.obj
 0001:0000e2b0       _SP_func_monitor           1000f2b0 f   g_camera.obj
 0001:0000e850       _UpdateChaseCam            1000f850 f   g_chase.obj
 0001:0000eda0       _ChaseNext                 1000fda0 f   g_chase.obj
 0001:0000ee60       _ChasePrev                 1000fe60 f   g_chase.obj
 0001:0000ef20       _GetChaseTarget            1000ff20 f   g_chase.obj
 0001:0000f1a0       _ClientTeam                100101a0 f   g_cmds.obj
 0001:0000f240       _OnSameTeam                10010240 f   g_cmds.obj
 0001:0000f2e0       _SelectNextItem            100102e0 f   g_cmds.obj
 0001:0000f3e0       _SelectPrevItem            100103e0 f   g_cmds.obj
 0001:0000f4f0       _ValidateSelectedItem      100104f0 f   g_cmds.obj
 0001:0000f530       _Cmd_Give_f                10010530 f   g_cmds.obj
 0001:0000fb70       _Cmd_God_f                 10010b70 f   g_cmds.obj
 0001:0000fc00       _Cmd_Notarget_f            10010c00 f   g_cmds.obj
 0001:0000fc90       _Cmd_Noclip_f              10010c90 f   g_cmds.obj
 0001:0000fd40       _Cmd_Use_f                 10010d40 f   g_cmds.obj
 0001:0000fef0       _Cmd_Drop_f                10010ef0 f   g_cmds.obj
 0001:0000ffb0       _Cmd_Inven_f               10010fb0 f   g_cmds.obj
 0001:000100c0       _Cmd_InvUse_f              100110c0 f   g_cmds.obj
 0001:000101b0       _Cmd_WeapPrev_f            100111b0 f   g_cmds.obj
 0001:00010290       _Cmd_WeapNext_f            10011290 f   g_cmds.obj
 0001:00010360       _Cmd_WeapLast_f            10011360 f   g_cmds.obj
 0001:00010400       _Cmd_InvDrop_f             10011400 f   g_cmds.obj
 0001:00010490       _Cmd_Kill_f                10011490 f   g_cmds.obj
 0001:00010560       _Cmd_PutAway_f             10011560 f   g_cmds.obj
 0001:000105d0       _PlayerSort                100115d0 f   g_cmds.obj
 0001:00010640       _Cmd_Players_f             10011640 f   g_cmds.obj
 0001:00010810       _Cmd_Wave_f                10011810 f   g_cmds.obj
 0001:00010990       _Cmd_Say_f                 10011990 f   g_cmds.obj
 0001:00010d50       _Cmd_Ent_Count_f           10011d50 f   g_cmds.obj
 0001:00010dc0       _Cmd_PlayerList_f          10011dc0 f   g_cmds.obj
 0001:00010fb0       _DrawBBox                  10011fb0 f   g_cmds.obj
 0001:000115a0       _Cmd_Bbox_f                100125a0 f   g_cmds.obj
 0001:000115e0       _SetLazarusCrosshair       100125e0 f   g_cmds.obj
 0001:000116b0       _SetSensitivities          100126b0 f   g_cmds.obj
 0001:00011920       _decoy_die                 10012920 f   g_cmds.obj
 0001:00011940       _decoy_think               10012940 f   g_cmds.obj
 0001:00011a90       _forcewall_think           10012a90 f   g_cmds.obj
 0001:00011b10       _SpawnForcewall            10012b10 f   g_cmds.obj
 0001:00011f80       _ForcewallOff              10012f80 f   g_cmds.obj
 0001:000120a0       _Restart_FMOD              100130a0 f   g_cmds.obj
 0001:000120c0       _ClientCommand             100130c0 f   g_cmds.obj
 0001:00014000       _cleanupHealTarget         10015000 f   g_combat.obj
 0001:00014050       _CanDamage                 10015050 f   g_combat.obj
 0001:000143f0       _Killed                    100153f0 f   g_combat.obj
 0001:00014730       _SpawnDamage               10015730 f   g_combat.obj
 0001:00014790       _DefendMyFriend            10015790 f   g_combat.obj
 0001:000147e0       _CallMyFriends             100157e0 f   g_combat.obj
 0001:00014d80       _M_ReactToDamage           10015d80 f   g_combat.obj
 0001:00015c50       _CheckTeamDamage           10016c50 f   g_combat.obj
 0001:00015c60       _T_Damage                  10016c60 f   g_combat.obj
 0001:00017030       _T_RadiusDamage            10018030 f   g_combat.obj
 0001:00017220       _T_RadiusNukeDamage        10018220 f   g_combat.obj
 0001:00017660       _T_RadiusClassDamage       10018660 f   g_combat.obj
 0001:00018620       _moving_speaker_think      10019620 f   g_crane.obj
 0001:000188a0       _CrateOnTop                100198a0 f   g_crane.obj
 0001:000189f0       _Cargo_Stop                100199f0 f   g_crane.obj
 0001:00018b30       _cargo_blocked             10019b30 f   g_crane.obj
 0001:00018c00       _Cargo_Float_Up            10019c00 f   g_crane.obj
 0001:00018cb0       _SetCableLength            10019cb0 f   g_crane.obj
 0001:00018d60       _SetSpotlightLength        10019d60 f   g_crane.obj
 0001:00018e30       _Cable_Think               10019e30 f   g_crane.obj
 0001:00018e70       _crane_light_off           10019e70 f   g_crane.obj
 0001:00018e90       _Crane_Move_Done           10019e90 f   g_crane.obj
 0001:00019130       _Crane_Stop                1001a130 f   g_crane.obj
 0001:000191c0       _Crane_Hook_Bonk           1001a1c0 f   g_crane.obj
 0001:00019840       _Crane_blocked             1001a840 f   g_crane.obj
 0001:000199b0       _Crane_Move_Final          1001a9b0 f   g_crane.obj
 0001:00019c20       _Crane_Move_Begin          1001ac20 f   g_crane.obj
 0001:00019e60       _G_FindCraneParts          1001ae60 f   g_crane.obj
 0001:0001aef0       _Crane_AdjustSpeed         1001bef0 f   g_crane.obj
 0001:0001af80       _crane_control_action      1001bf80 f   g_crane.obj
 0001:0001d0c0       _Use_Crane_Control         1001e0c0 f   g_crane.obj
 0001:0001d120       _SP_crane_control          1001e120 f   g_crane.obj
 0001:0001d1c0       _SP_crane_hook             1001e1c0 f   g_crane.obj
 0001:0001d490       _SP_crane_hoist            1001e490 f   g_crane.obj
 0001:0001d7a0       _SP_crane_beam             1001e7a0 f   g_crane.obj
 0001:0001dae0       _crane_reset_go            1001eae0 f   g_crane.obj
 0001:0001db90       _crane_reset_use           1001eb90 f   g_crane.obj
 0001:0001e490       _SP_crane_reset            1001f490 f   g_crane.obj
 0001:0001fcd0       _Fog_Off                   10020cd0 f   g_fog.obj
 0001:0001fd80       _Fog_ConsoleFog            10020d80 f   g_fog.obj
 0001:0001fe30       _Cmd_Fog_f                 10020e30 f   g_fog.obj
 0001:00020770       _GLFog                     10021770 f   g_fog.obj
 0001:00020880       _trig_fog_fade             10021880 f   g_fog.obj
 0001:00020a30       _init_trigger_fog_delay    10021a30 f   g_fog.obj
 0001:00020c60       _Fog                       10021c60 f   g_fog.obj
 0001:00021100       _Fog_Init                  10022100 f   g_fog.obj
 0001:00021280       _fog_fade                  10022280 f   g_fog.obj
 0001:00021460       _target_fog_use            10022460 f   g_fog.obj
 0001:00021890       _SP_target_fog             10022890 f   g_fog.obj
 0001:00021b60       _trigger_fog_use           10022b60 f   g_fog.obj
 0001:00021bf0       _SP_trigger_fog            10022bf0 f   g_fog.obj
 0001:00021ee0       _SP_trigger_fog_bbox       10022ee0 f   g_fog.obj
 0001:00022c40       _Move_pos0_Final           10023c40 f   g_func.obj
 0001:00022da0       _Move_pos0_Think           10023da0 f   g_func.obj
 0001:00022f00       _Move_pos1_Final           10023f00 f   g_func.obj
 0001:00023060       _Move_pos1_Think           10024060 f   g_func.obj
 0001:000231c0       _Move_pos2_Final           100241c0 f   g_func.obj
 0001:00023320       _Move_pos2_Think           10024320 f   g_func.obj
 0001:00023480       _Move_Done                 10024480 f   g_func.obj
 0001:00023530       _Move_Final                10024530 f   g_func.obj
 0001:00023640       _Move_Begin                10024640 f   g_func.obj
 0001:00023a70       _Move_Calc                 10024a70 f   g_func.obj
 0001:00023cf0       _Spline_Calc               10024cf0 f   g_func.obj
 0001:00023f60       _Train_Move_Spline         10024f60 f   g_func.obj
 0001:000242e0       _check_reverse_rotation    100252e0 f   g_func.obj
 0001:000245e0       _AngleMove_Done            100255e0 f   g_func.obj
 0001:00024630       _AngleMove_Final           10025630 f   g_func.obj
 0001:00024720       _AngleMove_Begin           10025720 f   g_func.obj
 0001:000248f0       _AngleMove_Calc            100258f0 f   g_func.obj
 0001:000249b0       _plat_CalcAcceleratedMove  100259b0 f   g_func.obj
 0001:00024ae0       _plat_Accelerate           10025ae0 f   g_func.obj
 0001:00024ce0       _Think_AccelMove           10025ce0 f   g_func.obj
 0001:00024e30       _plat_hit_top              10025e30 f   g_func.obj
 0001:00024ec0       _plat_hit_bottom           10025ec0 f   g_func.obj
 0001:00024f40       _plat_go_down              10025f40 f   g_func.obj
 0001:00024fe0       _plat_go_up                10025fe0 f   g_func.obj
 0001:00025090       _plat_blocked              10026090 f   g_func.obj
 0001:000251a0       _Use_Plat                  100261a0 f   g_func.obj
 0001:00025210       _Touch_Plat_Center         10026210 f   g_func.obj
 0001:00025280       _plat_spawn_inside_trigger 10026280 f   g_func.obj
 0001:00025480       _SP_func_plat              10026480 f   g_func.obj
 0001:00025980       _plat2_spawn_danger_area   10026980 f   g_func.obj
 0001:00025a00       _plat2_kill_danger_area    10026a00 f   g_func.obj
 0001:00025a50       _plat2_hit_top             10026a50 f   g_func.obj
 0001:00025be0       _plat2_hit_bottom          10026be0 f   g_func.obj
 0001:00025d80       _plat2_go_down             10026d80 f   g_func.obj
 0001:00025e30       _plat2_go_up               10026e30 f   g_func.obj
 0001:00025ef0       _plat2_operate             10026ef0 f   g_func.obj
 0001:000260a0       _Touch_Plat_Center2        100270a0 f   g_func.obj
 0001:000260e0       _plat2_blocked             100270e0 f   g_func.obj
 0001:000261f0       _Use_Plat2                 100271f0 f   g_func.obj
 0001:000262a0       _plat2_activate            100272a0 f   g_func.obj
 0001:00026350       _SP_func_plat2             10027350 f   g_func.obj
 0001:00026930       _rotating_accel            10027930 f   g_func.obj
 0001:00026a00       _rotating_decel            10027a00 f   g_func.obj
 0001:00026ad0       _rotating_blocked          10027ad0 f   g_func.obj
 0001:00026b10       _rotating_touch            10027b10 f   g_func.obj
 0001:00026b90       _rotating_use              10027b90 f   g_func.obj
 0001:00026cb0       _SP_func_rotating          10027cb0 f   g_func.obj
 0001:00026fa0       _func_rotating_dh_init     10027fa0 f   g_func.obj
 0001:00027000       _SP_func_rotating_dh       10028000 f   g_func.obj
 0001:00027050       _button_done               10028050 f   g_func.obj
 0001:00027090       _button_return             10028090 f   g_func.obj
 0001:000270e0       _button_wait               100280e0 f   g_func.obj
 0001:00027180       _button_fire               10028180 f   g_func.obj
 0001:00027220       _button_use                10028220 f   g_func.obj
 0001:00027240       _button_touch              10028240 f   g_func.obj
 0001:00027280       _button_killed             10028280 f   g_func.obj
 0001:000272c0       _SP_func_button            100282c0 f   g_func.obj
 0001:00027730       _trainbutton_done          10028730 f   g_func.obj
 0001:00027770       _trainbutton_return        10028770 f   g_func.obj
 0001:000277d0       _trainbutton_wait          100287d0 f   g_func.obj
 0001:00027870       _trainbutton_fire          10028870 f   g_func.obj
 0001:00027900       _trainbutton_use           10028900 f   g_func.obj
 0001:00027920       _trainbutton_touch         10028920 f   g_func.obj
 0001:00027960       _trainbutton_killed        10028960 f   g_func.obj
 0001:000279a0       _SP_func_trainbutton       100289a0 f   g_func.obj
 0001:00027b50       _door_use_areaportals      10028b50 f   g_func.obj
 0001:00027bd0       _swinging_door_reset       10028bd0 f   g_func.obj
 0001:00027d50       _door_hit_top              10028d50 f   g_func.obj
 0001:00027eb0       _door_hit_bottom           10028eb0 f   g_func.obj
 0001:00027f70       _door_go_down              10028f70 f   g_func.obj
 0001:000280f0       _door_go_up                100290f0 f   g_func.obj
 0001:000282b0       _smart_water_go_up         100292b0 f   g_func.obj
 0001:000285b0       _door_use                  100295b0 f   g_func.obj
 0001:00028730       _Touch_DoorTrigger         10029730 f   g_func.obj
 0001:000287d0       _Think_CalcMoveSpeed       100297d0 f   g_func.obj
 0001:00028950       _Think_SpawnDoorTrigger    10029950 f   g_func.obj
 0001:00028b50       _door_blocked              10029b50 f   g_func.obj
 0001:00028ca0       _door_destroyed            10029ca0 f   g_func.obj
 0001:00028cf0       _door_killed               10029cf0 f   g_func.obj
 0001:00028d60       _door_touch                10029d60 f   g_func.obj
 0001:00028df0       _SP_func_door              10029df0 f   g_func.obj
 0001:000294f0       _Door_Activate             1002a4f0 f   g_func.obj
 0001:00029580       _SP_func_door_rotating     1002a580 f   g_func.obj
 0001:00029cc0       _func_door_rot_dh_init     1002acc0 f   g_func.obj
 0001:00029dd0       _SP_func_door_rot_dh       1002add0 f   g_func.obj
 0001:00029e20       _smart_water_blocked       1002ae20 f   g_func.obj
 0001:00029ec0       _SP_func_water             1002aec0 f   g_func.obj
 0001:0002a390       _train_move_prox           1002b390 f   g_func.obj
 0001:0002a430       _train_move_children       1002b430 f   g_func.obj
 0001:0002c370       _train_kill_children       1002d370 f   g_func.obj
 0001:0002c4c0       _train_remove_children     1002d4c0 f   g_func.obj
 0001:0002c580       _fade_children             1002d580 f   g_func.obj
 0001:0002c6d0       _fade_child                1002d6d0 f   g_func.obj
 0001:0002c740       _train_blocked             1002d740 f   g_func.obj
 0001:0002c8a0       _train_wait                1002d8a0 f   g_func.obj
 0001:0002cd60       _train_piece_wait          1002dd60 f   g_func.obj
 0001:0002cd70       _train_children_think      1002dd70 f   g_func.obj
 0001:0002cdd0       _train_rotate              1002ddd0 f   g_func.obj
 0001:0002d520       _train_next                1002e520 f   g_func.obj
 0001:0002ddf0       _train_resume              1002edf0 f   g_func.obj
 0001:0002df70       _func_train_find           1002ef70 f   g_func.obj
 0001:0002e510       _train_use                 1002f510 f   g_func.obj
 0001:0002e6c0       _SP_func_train             1002f6c0 f   g_func.obj
 0001:0002ede0       _trigger_elevator_use      1002fde0 f   g_func.obj
 0001:0002ee80       _trigger_elevator_init     1002fe80 f   g_func.obj
 0001:0002ef40       _SP_trigger_elevator       1002ff40 f   g_func.obj
 0001:0002ef80       _func_timer_think          1002ff80 f   g_func.obj
 0001:0002eff0       _func_timer_use            1002fff0 f   g_func.obj
 0001:0002f060       _SP_func_timer             10030060 f   g_func.obj
 0001:0002f190       _func_conveyor_use         10030190 f   g_func.obj
 0001:0002f250       _SP_func_conveyor          10030250 f   g_func.obj
 0001:0002f340       _door_secret_use           10030340 f   g_func.obj
 0001:0002f440       _door_secret_move1         10030440 f   g_func.obj
 0001:0002f4c0       _door_secret_move2         100304c0 f   g_func.obj
 0001:0002f560       _door_secret_move3         10030560 f   g_func.obj
 0001:0002f600       _door_secret_move4         10030600 f   g_func.obj
 0001:0002f6a0       _door_secret_move5         100306a0 f   g_func.obj
 0001:0002f720       _door_secret_move6         10030720 f   g_func.obj
 0001:0002f7c0       _door_secret_done          100307c0 f   g_func.obj
 0001:0002f860       _door_secret_blocked       10030860 f   g_func.obj
 0001:0002f940       _door_secret_die           10030940 f   g_func.obj
 0001:0002f970       _SP_func_door_secret       10030970 f   g_func.obj
 0001:0002fea0       _use_killbox               10030ea0 f   g_func.obj
 0001:0002fec0       _SP_func_killbox           10030ec0 f   g_func.obj
 0001:0002ff10       _box_movestep              10030f10 f   g_func.obj
 0001:000301e0       _box_die                   100311e0 f   g_func.obj
 0001:00030260       _box_use                   10031260 f   g_func.obj
 0001:000302a0       _box_walkmove              100312a0 f   g_func.obj
 0001:00030330       _box_water_friction        10031330 f   g_func.obj
 0001:000304b0       _box_touch                 100314b0 f   g_func.obj
 0001:00031190       _func_pushable_spawn       10032190 f   g_func.obj
 0001:000311f0       _SP_func_pushable          100321f0 f   g_func.obj
 0001:00031780       _swinging_door_killed      10032780 f   g_func.obj
 0001:000319a0       _func_door_swinging_init   100329a0 f   g_func.obj
 0001:00031b70       _SP_func_door_swinging     10032b70 f   g_func.obj
 0001:00031cd0       _bob_think                 10032cd0 f   g_func.obj
 0001:00031dd0       _bob_init                  10032dd0 f   g_func.obj
 0001:00031e10       _SP_func_bobbingwater      10032e10 f   g_func.obj
 0001:00032310       _pivot_blocked             10033310 f   g_func.obj
 0001:00032350       _pivot_stop                10033350 f   g_func.obj
 0001:00032390       _pivot_touch               10033390 f   g_func.obj
 0001:00032620       _pivot_init                10033620 f   g_func.obj
 0001:00032a40       _SP_func_pivot             10033a40 f   g_func.obj
 0001:00036ac0       _GetItemByIndex            10037ac0 f   g_items.obj
 0001:00036af0       _FindItemByClassname       10037af0 f   g_items.obj
 0001:00036b50       _FindItem                  10037b50 f   g_items.obj
 0001:00036bc0       _DoRespawn                 10037bc0 f   g_items.obj
 0001:00036cd0       _SetRespawn                10037cd0 f   g_items.obj
 0001:00036d40       _Pickup_Powerup            10037d40 f   g_items.obj
 0001:00037110       _Drop_General              10038110 f   g_items.obj
 0001:00037170       _Drop_Jetpack              10038170 f   g_items.obj
 0001:000372b0       _Pickup_Adrenaline         100382b0 f   g_items.obj
 0001:00037350       _Pickup_AncientHead        10038350 f   g_items.obj
 0001:000373c0       _Pickup_Bandolier          100383c0 f   g_items.obj
 0001:000376f0       _Pickup_Pack               100386f0 f   g_items.obj
 0001:00037fb0       _Pickup_Nuke               10038fb0 f   g_items.obj
 0001:00038090       _Pickup_Nbomb              10039090 f   g_items.obj
 0001:00038170       _Use_IR                    10039170 f   g_items.obj
 0001:00038260       _Use_Double                10039260 f   g_items.obj
 0001:00038380       _Use_Flashlight            10039380 f   g_items.obj
 0001:00038430       _Use_Compass               10039430 f   g_items.obj
 0001:000384a0       _Use_Nuke                  100394a0 f   g_items.obj
 0001:00038560       _Use_Nbomb                 10039560 f   g_items.obj
 0001:00038620       _Use_Doppleganger          10039620 f   g_items.obj
 0001:00038760       _Pickup_Doppleganger       10039760 f   g_items.obj
 0001:00038830       _Pickup_Sphere             10039830 f   g_items.obj
 0001:000389d0       _Use_Defender              100399d0 f   g_items.obj
 0001:00038a60       _Use_Hunter                10039a60 f   g_items.obj
 0001:00038af0       _Use_Vengeance             10039af0 f   g_items.obj
 0001:00038b80       _Use_Quad                  10039b80 f   g_items.obj
 0001:00038c90       _Use_QuadFire              10039c90 f   g_items.obj
 0001:00038da0       _Use_Breather              10039da0 f   g_items.obj
 0001:00038e60       _Use_Envirosuit            10039e60 f   g_items.obj
 0001:00038f20       _Use_Invulnerability       10039f20 f   g_items.obj
 0001:00039010       _Use_Silencer              1003a010 f   g_items.obj
 0001:00039090       _Pickup_Key                1003a090 f   g_items.obj
 0001:00039210       _Add_Ammo                  1003a210 f   g_items.obj
 0001:00039460       _SetAmmoPickupValues       1003a460 f   g_items.obj
 0001:000396e0       _Pickup_Ammo               1003a6e0 f   g_items.obj
 0001:00039860       _Drop_Ammo                 1003a860 f   g_items.obj
 0001:00039970       _MegaHealth_think          1003a970 f   g_items.obj
 0001:00039a20       _Pickup_Health             1003aa20 f   g_items.obj
 0001:00039bc0       _ArmorIndex                1003abc0 f   g_items.obj
 0001:00039c30       _Pickup_Armor              1003ac30 f   g_items.obj
 0001:00039e80       _PowerArmorType            1003ae80 f   g_items.obj
 0001:00039ed0       _Use_PowerArmor            1003aed0 f   g_items.obj
 0001:0003a2d0       _Pickup_PowerArmor         1003b2d0 f   g_items.obj
 0001:0003a3e0       _Drop_PowerArmor           1003b3e0 f   g_items.obj
 0001:0003a490       _Touch_Item                1003b490 f   g_items.obj
 0001:0003a7f0       _Item_Die                  1003b7f0 f   g_items.obj
 0001:0003a810       _Drop_Item                 1003b810 f   g_items.obj
 0001:0003ac00       _Use_Item                  1003bc00 f   g_items.obj
 0001:0003ac80       _droptofloor               1003bc80 f   g_items.obj
 0001:0003b070       _PrecacheItem              1003c070 f   g_items.obj
 0001:0003b290       _Item_TriggeredSpawn       1003c290 f   g_items.obj
 0001:0003b2f0       _SetTriggeredSpawn         1003c2f0 f   g_items.obj
 0001:0003b360       _SpawnItem                 1003c360 f   g_items.obj
 0001:0003b730       _SP_item_health            1003c730 f   g_items.obj
 0001:0003b7b0       _SP_item_health_small      1003c7b0 f   g_items.obj
 0001:0003b850       _SP_item_health_large      1003c850 f   g_items.obj
 0001:0003b8d0       _SP_item_health_mega       1003c8d0 f   g_items.obj
 0001:0003b960       _SP_item_foodcube          1003c960 f   g_items.obj
 0001:0003ba10       _InitItems                 1003ca10 f   g_items.obj
 0001:0003ba20       _SetItemNames              1003ca20 f   g_items.obj
 0001:0003bd60       _Use_Jet                   1003cd60 f   g_items.obj
 0001:0003bed0       _Use_Stasis                1003ced0 f   g_items.obj
 0001:0003bf90       _SP_xatrix_item            1003cf90 f   g_items.obj
 0001:0003d6b0       _Jet_AvoidGround           1003e6b0 f   g_jetpack.obj
 0001:0003d790       _Jet_BecomeExplosion       1003e790 f   g_jetpack.obj
 0001:0003d810       _Jet_ApplyLifting          1003e810 f   g_jetpack.obj
 0001:0003d980       _Jet_ApplySparks           1003e980 f   g_jetpack.obj
 0001:0003da50       _Jet_ApplyJet              1003ea50 f   g_jetpack.obj
 0001:0003e250       _Lights                    1003f250 f   g_lights.obj
 0001:0003e480       _ToggleLights              1003f480 f   g_lights.obj
 0001:0003e4c0       _target_lightswitch_toggle 1003f4c0 f   g_lights.obj
 0001:0003e510       _use_target_lightswitch    1003f510 f   g_lights.obj
 0001:0003e570       _SP_target_lightswitch     1003f570 f   g_lights.obj
 0001:0003e7c0       _SP_target_lock_digit      1003f7c0 f   g_lock.obj
 0001:0003e810       _target_lock_use           1003f810 f   g_lock.obj
 0001:0003e980       _lock_digit_increment      1003f980 f   g_lock.obj
 0001:0003e9b0       _lock_initialize           1003f9b0 f   g_lock.obj
 0001:0003ec10       _SP_target_lock            1003fc10 f   g_lock.obj
 0001:0003ecc0       _lock_code_use             1003fcc0 f   g_lock.obj
 0001:0003ee50       _SP_target_lock_code       1003fe50 f   g_lock.obj
 0001:0003eea0       _lock_clue_use             1003fea0 f   g_lock.obj
 0001:0003f000       _lock_clue_think           10040000 f   g_lock.obj
 0001:0003f0e0       _lock_clue_initialize      100400e0 f   g_lock.obj
 0001:0003f180       _SP_target_lock_clue       10040180 f   g_lock.obj
 0001:0003f490       _ShutdownGame              10040490 f   g_main.obj
 0001:0003f510       _Debug_Modelindex          10040510 f   g_main.obj
 0001:0003f560       _Debug_Soundindex          10040560 f   g_main.obj
 0001:0003f5b0       _GetGameAPI                100405b0 f   g_main.obj
 0001:0003f760       _Sys_Error                 10040760 f   g_main.obj
 0001:0003f7d0       _Com_Printf                100407d0 f   g_main.obj
 0001:0003f840       _ClientEndServerFrames     10040840 f   g_main.obj
 0001:0003f8b0       _CreateTargetChangeLevel   100408b0 f   g_main.obj
 0001:0003f900       _EndDMLevel                10040900 f   g_main.obj
 0001:0003fab0       _CheckDMRules              10040ab0 f   g_main.obj
 0001:0003fc10       _ExitLevel                 10040c10 f   g_main.obj
 0001:0003fd20       _G_RunFrame                10040d20 f   g_main.obj
 0001:00040160       _torch_think               10041160 f   g_mappack.obj
 0001:000401a0       _SP_light_torch            100411a0 f   g_mappack.obj
 0001:00040210       _smallflame_think          10041210 f   g_mappack.obj
 0001:00040250       _bigflame_think            10041250 f   g_mappack.obj
 0001:00040290       _SP_light_flame            10041290 f   g_mappack.obj
 0001:00040380       _Cmd_Trigger_f             10041380 f   g_mappack.obj
 0001:00040560       _modelspawn_think          10041560 f   g_mappack.obj
 0001:00040610       _model_spawn_use           10041610 f   g_mappack.obj
 0001:000406f0       _model_die                 100416f0 f   g_mappack.obj
 0001:00040740       _SP_model_spawn            10041740 f   g_mappack.obj
 0001:00040e00       _model_train_animator      10041e00 f   g_mappack.obj
 0001:00040ed0       _SP_model_train            10041ed0 f   g_mappack.obj
 0001:000416c0       _Use_Areaportal            100426c0 f   g_misc.obj
 0001:00041700       _SP_func_areaportal        10042700 f   g_misc.obj
 0001:00041720       _VelocityForDamage         10042720 f   g_misc.obj
 0001:000417f0       _ClipGibVelocity           100427f0 f   g_misc.obj
 0001:000418e0       _gib_fade                  100428e0 f   g_misc.obj
 0001:000419a0       _gib_fade2                 100429a0 f   g_misc.obj
 0001:00041a50       _gib_think                 10042a50 f   g_misc.obj
 0001:00041ac0       _gib_touch                 10042ac0 f   g_misc.obj
 0001:00041b60       _gib_die                   10042b60 f   g_misc.obj
 0001:00041b80       _ThrowGib                  10042b80 f   g_misc.obj
 0001:00042160       _gib_delayed_start         10043160 f   g_misc.obj
 0001:00042210       _SP_gib                    10043210 f   g_misc.obj
 0001:000422b0       _ThrowHead                 100432b0 f   g_misc.obj
 0001:00042730       _SP_gibhead                10043730 f   g_misc.obj
 0001:000427c0       _ThrowClientHead           100437c0 f   g_misc.obj
 0001:000429f0       _debris_die                100439f0 f   g_misc.obj
 0001:00042a10       _ThrowDebris               10043a10 f   g_misc.obj
 0001:00042cd0       _debris_delayed_start      10043cd0 f   g_misc.obj
 0001:00042d50       _SP_debris                 10043d50 f   g_misc.obj
 0001:00042dd0       _BecomeExplosion1          10043dd0 f   g_misc.obj
 0001:00042e20       _BecomeExplosion2          10043e20 f   g_misc.obj
 0001:00042e70       _BecomeExplosion3          10043e70 f   g_misc.obj
 0001:00042ec0       _path_corner_touch         10043ec0 f   g_misc.obj
 0001:00043180       _SP_path_corner            10044180 f   g_misc.obj
 0001:00043260       _point_combat_touch        10044260 f   g_misc.obj
 0001:00043520       _SP_point_combat           10044520 f   g_misc.obj
 0001:000435e0       _TH_viewthing              100445e0 f   g_misc.obj
 0001:00043620       _SP_viewthing              10044620 f   g_misc.obj
 0001:00043700       _SP_info_null              10044700 f   g_misc.obj
 0001:00043720       _SP_info_notnull           10044720 f   g_misc.obj
 0001:00043780       _SP_light                  10044780 f   g_misc.obj
 0001:000438e0       _func_wall_use             100448e0 f   g_misc.obj
 0001:000439b0       _SP_func_wall              100449b0 f   g_misc.obj
 0001:00043b10       _func_object_touch         10044b10 f   g_misc.obj
 0001:00043b80       _func_object_release       10044b80 f   g_misc.obj
 0001:00043ba0       _func_object_use           10044ba0 f   g_misc.obj
 0001:00043bf0       _SP_func_object            10044bf0 f   g_misc.obj
 0001:00043da0       _func_explosive_respawn    10044da0 f   g_misc.obj
 0001:00043e10       _func_explosive_explode    10044e10 f   g_misc.obj
 0001:000447e0       _func_explosive_die        100457e0 f   g_misc.obj
 0001:00044850       _func_explosive_use        10045850 f   g_misc.obj
 0001:00044880       _func_explosive_activate   10045880 f   g_misc.obj
 0001:00044950       _func_explosive_spawn      10045950 f   g_misc.obj
 0001:000449c0       _func_explosive_touch      100459c0 f   g_misc.obj
 0001:00044b60       _SP_func_explosive         10045b60 f   g_misc.obj
 0001:00044d90       _PrecacheDebris            10045d90 f   g_misc.obj
 0001:00045010       _func_breakaway_hit        10046010 f   g_misc.obj
 0001:00045170       _func_breakaway_think      10046170 f   g_misc.obj
 0001:00045420       _func_breakaway_makesolid  10046420 f   g_misc.obj
 0001:00045510       _func_breakaway_fall       10046510 f   g_misc.obj
 0001:00045870       _func_breakaway_die        10046870 f   g_misc.obj
 0001:00045980       _func_breakaway_use        10046980 f   g_misc.obj
 0001:000459b0       _func_breakaway_touch      100469b0 f   g_misc.obj
 0001:00045b50       _func_breakaway_spawn      10046b50 f   g_misc.obj
 0001:00045bc0       _func_breakaway_activate   10046bc0 f   g_misc.obj
 0001:00045c10       _SP_func_breakaway         10046c10 f   g_misc.obj
 0001:00045f90       _barrel_touch              10046f90 f   g_misc.obj
 0001:00046030       _barrel_explode            10047030 f   g_misc.obj
 0001:000468c0       _barrel_delay              100478c0 f   g_misc.obj
 0001:00046900       _barrel_think              10047900 f   g_misc.obj
 0001:00046970       _barrel_start              10047970 f   g_misc.obj
 0001:000469b0       _SP_misc_explobox          100479b0 f   g_misc.obj
 0001:00046b90       _misc_blackhole_transparent 10047b90 f   g_misc.obj
 0001:00046bc0       _misc_blackhole_use        10047bc0 f   g_misc.obj
 0001:00046be0       _misc_blackhole_think      10047be0 f   g_misc.obj
 0001:00046c40       _SP_misc_blackhole         10047c40 f   g_misc.obj
 0001:00046d20       _misc_eastertank_think     10047d20 f   g_misc.obj
 0001:00046d80       _SP_misc_eastertank        10047d80 f   g_misc.obj
 0001:00046e80       _misc_easterchick_think    10047e80 f   g_misc.obj
 0001:00046ee0       _SP_misc_easterchick       10047ee0 f   g_misc.obj
 0001:00046fb0       _misc_easterchick2_think   10047fb0 f   g_misc.obj
 0001:00047010       _SP_misc_easterchick2      10048010 f   g_misc.obj
 0001:000470e0       _commander_body_think      100480e0 f   g_misc.obj
 0001:00047160       _commander_body_use        10048160 f   g_misc.obj
 0001:000471c0       _commander_body_drop       100481c0 f   g_misc.obj
 0001:000471f0       _SP_monster_commander_body 100481f0 f   g_misc.obj
 0001:00047310       _misc_banner_think         10048310 f   g_misc.obj
 0001:00047350       _SP_misc_banner            10048350 f   g_misc.obj
 0001:000473e0       _misc_deadsoldier_die      100483e0 f   g_misc.obj
 0001:00047470       _misc_deadsoldier_flieson  10048470 f   g_misc.obj
 0001:000474c0       _SP_misc_deadsoldier       100484c0 f   g_misc.obj
 0001:000476d0       _misc_viper_use            100486d0 f   g_misc.obj
 0001:00047710       _SP_misc_viper             10048710 f   g_misc.obj
 0001:00047a50       _SP_misc_crashviper        10048a50 f   g_misc.obj
 0001:00047d80       _SP_misc_bigviper          10048d80 f   g_misc.obj
 0001:00047e30       _misc_viper_bomb_touch     10048e30 f   g_misc.obj
 0001:00048010       _misc_viper_bomb_prethink  10049010 f   g_misc.obj
 0001:000480b0       _viper_bomb_think          100490b0 f   g_misc.obj
 0001:00048150       _misc_viper_bomb_use       10049150 f   g_misc.obj
 0001:00048410       _SP_misc_viper_bomb        10049410 f   g_misc.obj
 0001:000485a0       _misc_viper_missile_use    100495a0 f   g_misc.obj
 0001:000486d0       _SP_misc_viper_missile     100496d0 f   g_misc.obj
 0001:000487a0       _misc_strogg_ship_remove   100497a0 f   g_misc.obj
 0001:000489f0       _misc_strogg_ship_touch    100499f0 f   g_misc.obj
 0001:00048a60       _misc_strogg_ship_explode  10049a60 f   g_misc.obj
 0001:00048c00       _misc_strogg_ship_prethink 10049c00 f   g_misc.obj
 0001:00048d80       _misc_strogg_ship_die      10049d80 f   g_misc.obj
 0001:00048eb0       _misc_strogg_ship_use      10049eb0 f   g_misc.obj
 0001:00048ef0       _SP_misc_strogg_ship       10049ef0 f   g_misc.obj
 0001:00049210       _SP_misc_transport         1004a210 f   g_misc.obj
 0001:00049490       _misc_satellite_dish_think 1004a490 f   g_misc.obj
 0001:000494d0       _misc_satellite_dish_use   1004a4d0 f   g_misc.obj
 0001:00049510       _SP_misc_satellite_dish    1004a510 f   g_misc.obj
 0001:000495c0       _SP_light_mine1            1004a5c0 f   g_misc.obj
 0001:00049620       _SP_light_mine2            1004a620 f   g_misc.obj
 0001:00049680       _SP_misc_gib_arm           1004a680 f   g_misc.obj
 0001:000497a0       _SP_misc_gib_leg           1004a7a0 f   g_misc.obj
 0001:000498c0       _SP_misc_gib_head          1004a8c0 f   g_misc.obj
 0001:000499e0       _SP_target_character       1004a9e0 f   g_misc.obj
 0001:00049a30       _target_string_use         1004aa30 f   g_misc.obj
 0001:00049b10       _SP_target_string          1004ab10 f   g_misc.obj
 0001:00049b40       _func_clock_think          1004ab40 f   g_misc.obj
 0001:0004a030       _func_clock_use            1004b030 f   g_misc.obj
 0001:0004a080       _SP_func_clock             1004b080 f   g_misc.obj
 0001:0004a1b0       _teleport_transition_ents  1004b1b0 f   g_misc.obj
 0001:0004a990       _teleporter_touch          1004b990 f   g_misc.obj
 0001:0004aff0       _teleporter_use            1004bff0 f   g_misc.obj
 0001:0004b0e0       _SP_misc_teleporter        1004c0e0 f   g_misc.obj
 0001:0004b380       _trigger_teleporter_use    1004c380 f   g_misc.obj
 0001:0004b3c0       _SP_trigger_teleporter     1004c3c0 f   g_misc.obj
 0001:0004b4e0       _SP_trigger_teleporter_bbox 1004c4e0 f   g_misc.obj
 0001:0004b700       _SP_misc_teleporter_dest   1004c700 f   g_misc.obj
 0001:0004b7b0       _amb4_think                1004c7b0 f   g_misc.obj
 0001:0004b800       _SP_misc_amb4              1004c800 f   g_misc.obj
 0001:0004b850       _misc_nuke_core_use        1004c850 f   g_misc.obj
 0001:0004b890       _SP_misc_nuke_core         1004c890 f   g_misc.obj
 0001:0004b8e0       _use_nuke                  1004c8e0 f   g_misc.obj
 0001:0004b990       _SP_misc_nuke              1004c990 f   g_misc.obj
 0001:0004b9b0       _rotating_light_alarm      1004c9b0 f   g_misc.obj
 0001:0004ba30       _rotating_light_killed     1004ca30 f   g_misc.obj
 0001:0004bae0       _SP_rotating_light         1004cae0 f   g_misc.obj
 0001:0004bce0       _object_repair_fx          1004cce0 f   g_misc.obj
 0001:0004bd90       _object_repair_dead        1004cd90 f   g_misc.obj
 0001:0004bdd0       _object_repair_sparks      1004cdd0 f   g_misc.obj
 0001:0004be90       _SP_object_repair          1004ce90 f   g_misc.obj
 0001:0004bf70       _misc_sick_guard_think     1004cf70 f   g_misc.obj
 0001:0004c0c0       _SP_misc_sick_guard        1004d0c0 f   g_misc.obj
 0001:0004c1b0       _misc_gekk_writhe_think    1004d1b0 f   g_misc.obj
 0001:0004c210       _misc_gekk_writhe_use      1004d210 f   g_misc.obj
 0001:0004c320       _SP_misc_gekk_writhe       1004d320 f   g_misc.obj
 0001:0004c420       _light_flame_spawn         1004d420 f   g_misc.obj
 0001:0004c600       _SP_light_flame1           1004d600 f   g_misc.obj
 0001:0004c680       _SP_light_flame1s          1004d680 f   g_misc.obj
 0001:0004c700       _SP_light_flame2           1004d700 f   g_misc.obj
 0001:0004c780       _SP_light_flame2s          1004d780 f   g_misc.obj
 0001:0004c800       _monster_coco_monkey_think 1004d800 f   g_misc.obj
 0001:0004c840       _SP_monster_coco_monkey    1004d840 f   g_misc.obj
 0001:0004c960       _misc_light_think          1004d960 f   g_misc.obj
 0001:0004c9e0       _misc_light_use            1004d9e0 f   g_misc.obj
 0001:0004ca40       _SP_misc_light             1004da40 f   g_misc.obj
 0001:0004cab0       _drop_add_to_chain         1004dab0 f   g_misc.obj
 0001:0004cbc0       _drop_splash               1004dbc0 f   g_misc.obj
 0001:0004cc60       _leaf_fade2                1004dc60 f   g_misc.obj
 0001:0004ccd0       _leaf_fade                 1004dcd0 f   g_misc.obj
 0001:0004cd20       _drop_touch                1004dd20 f   g_misc.obj
 0001:0004ce00       _spawn_precipitation       1004de00 f   g_misc.obj
 0001:0004d3c0       _target_precipitation_think 1004e3c0 f   g_misc.obj
 0001:0004d6c0       _target_precipitation_use  1004e6c0 f   g_misc.obj
 0001:0004d790       _target_precipitation_delayed_use 1004e790 f   g_misc.obj
 0001:0004d7e0       _SP_target_precipitation   1004e7e0 f   g_misc.obj
 0001:0004dbc0       _target_fountain_think     1004ebc0 f   g_misc.obj
 0001:0004def0       _target_fountain_use       1004eef0 f   g_misc.obj
 0001:0004dfd0       _target_fountain_delayed_use 1004efd0 f   g_misc.obj
 0001:0004e020       _SP_target_fountain        1004f020 f   g_misc.obj
 0001:0004e2e0       _PatchDeadSoldier          1004f2e0 f   g_misc.obj
 0001:00051f40       _FadeSink                  10052f40 f   g_monster.obj
 0001:00052010       _FadeDieSink               10053010 f   g_monster.obj
 0001:000520f0       _M_SetDeath                100530f0 f   g_monster.obj
 0001:000521c0       _monster_fire_bullet       100531c0 f   g_monster.obj
 0001:00052230       _monster_fire_shotgun      10053230 f   g_monster.obj
 0001:000522b0       _monster_fire_blaster      100532b0 f   g_monster.obj
 0001:00052320       _monster_fire_blueblaster  10053320 f   g_monster.obj
 0001:00052390       _monster_fire_ionripper    10053390 f   g_monster.obj
 0001:00052400       _monster_fire_rocket_heat  10053400 f   g_monster.obj
 0001:00052470       _monster_fire_blaster2     10053470 f   g_monster.obj
 0001:000524e0       _monster_fire_tracker      100534e0 f   g_monster.obj
 0001:00052550       _monster_fire_heat         10053550 f   g_monster.obj
 0001:000525c0       _dabeam_hit                100535c0 f   g_monster.obj
 0001:00052870       _monster_dabeam            10053870 f   g_monster.obj
 0001:00052ad0       _monster_fire_grenade      10053ad0 f   g_monster.obj
 0001:00052b60       _monster_fire_rocket       10053b60 f   g_monster.obj
 0001:00052be0       _monster_fire_missile      10053be0 f   g_monster.obj
 0001:00052c60       _monster_fire_railgun      10053c60 f   g_monster.obj
 0001:00052ce0       _monster_fire_bfg          10053ce0 f   g_monster.obj
 0001:00052d50       _M_FliesOff                10053d50 f   g_monster.obj
 0001:00052d80       _M_FliesOn                 10053d80 f   g_monster.obj
 0001:00052de0       _M_FlyCheck                10053de0 f   g_monster.obj
 0001:00052ed0       _AttackFinished            10053ed0 f   g_monster.obj
 0001:00052ef0       _M_CheckGround             10053ef0 f   g_monster.obj
 0001:000530a0       _M_CatagorizePosition      100540a0 f   g_monster.obj
 0001:00053190       _M_WorldEffects            10054190 f   g_monster.obj
 0001:00053740       _M_droptofloor             10054740 f   g_monster.obj
 0001:00053890       _M_SetEffects              10054890 f   g_monster.obj
 0001:00053a90       _M_MoveFrame               10054a90 f   g_monster.obj
 0001:00053cd0       _monster_think             10054cd0 f   g_monster.obj
 0001:00053d40       _deadmonster_think         10054d40 f   g_monster.obj
 0001:00053d70       _monster_use               10054d70 f   g_monster.obj
 0001:00053ec0       _monster_triggered_spawn   10054ec0 f   g_monster.obj
 0001:00053fb0       _monster_triggered_spawn_use 10054fb0 f   g_monster.obj
 0001:00054010       _monster_triggered_start   10055010 f   g_monster.obj
 0001:00054060       _monster_death_use         10055060 f   g_monster.obj
 0001:000541c0       _monster_start             100551c0 f   g_monster.obj
 0001:000546f0       _monster_start_go          100556f0 f   g_monster.obj
 0001:00054af0       _walkmonster_start_go      10055af0 f   g_monster.obj
 0001:00054c00       _walkmonster_start         10055c00 f   g_monster.obj
 0001:00054c20       _flymonster_start_go       10055c20 f   g_monster.obj
 0001:00054cd0       _flymonster_start          10055cd0 f   g_monster.obj
 0001:00054d10       _swimmonster_start_go      10055d10 f   g_monster.obj
 0001:00054d70       _swimmonster_start         10055d70 f   g_monster.obj
 0001:00054db0       _stationarymonster_triggered_spawn 10055db0 f   g_monster.obj
 0001:00054eb0       _stationarymonster_triggered_spawn_use 10055eb0 f   g_monster.obj
 0001:00054f10       _stationarymonster_triggered_start 10055f10 f   g_monster.obj
 0001:00054f60       _stationarymonster_start_go 10055f60 f   g_monster.obj
 0001:00054fb0       _stationarymonster_start   10055fb0 f   g_monster.obj
 0001:00054fd0       _monster_done_dodge        10055fd0 f   g_monster.obj
 0001:00054ff0       _InitiallyDead             10055ff0 f   g_monster.obj
 0001:00055110       _PatchMonsterModel         10056110 f   g_monster.obj
 0001:00058820       _blocked_checkshot         10059820 f   g_newai.obj
 0001:00058b20       _blocked_checkplat         10059b20 f   g_newai.obj
 0001:00058dc0       _blocked_checkjump         10059dc0 f   g_newai.obj
 0001:00059300       _blocked_checknewenemy     1005a300 f   g_newai.obj
 0001:00059310       _hintpath_findstart        1005a310 f   g_newai.obj
 0001:00059420       _hintpath_other_end        1005a420 f   g_newai.obj
 0001:00059530       _hintpath_go               1005a530 f   g_newai.obj
 0001:00059600       _hintpath_stop             1005a600 f   g_newai.obj
 0001:000596d0       _monsterlost_checkhint     1005a6d0 f   g_newai.obj
 0001:0005a010       _hint_path_touch           1005b010 f   g_newai.obj
 0001:0005a150       _SP_hint_path              1005b150 f   g_newai.obj
 0001:0005a2a0       _InitHintPaths             1005b2a0 f   g_newai.obj
 0001:0005a5d0       _inback                    1005b5d0 f   g_newai.obj
 0001:0005a660       _realrange                 1005b660 f   g_newai.obj
 0001:0005a6b0       _face_wall                 1005b6b0 f   g_newai.obj
 0001:0005a7d0       _badarea_touch             1005b7d0 f   g_newai.obj
 0001:0005a7e0       _SpawnBadArea              1005b7e0 f   g_newai.obj
 0001:0005a990       _CheckForBadArea           1005b990 f   g_newai.obj
 0001:0005aa80       _MarkTeslaArea             1005ba80 f   g_newai.obj
 0001:0005ac50       _PredictAim                1005bc50 f   g_newai.obj
 0001:0005ad90       _below                     1005bd90 f   g_newai.obj
 0001:0005ae20       _drawbbox                  1005be20 f   g_newai.obj
 0001:0005b260       _M_MonsterDodge            1005c260 f   g_newai.obj
 0001:0005b550       _monster_duck_down         1005c550 f   g_newai.obj
 0001:0005b5d0       _monster_duck_hold         1005c5d0 f   g_newai.obj
 0001:0005b620       _monster_duck_up           1005c620 f   g_newai.obj
 0001:0005b680       _has_valid_enemy           1005c680 f   g_newai.obj
 0001:0005b6f0       _TargetTesla               1005c6f0 f   g_newai.obj
 0001:0005b7e0       _PickCoopTarget            1005c7e0 f   g_newai.obj
 0001:0005b8e0       _CountPlayers              1005c8e0 f   g_newai.obj
 0001:0005b970       _monster_jump_start        1005c970 f   g_newai.obj
 0001:0005b990       _monster_jump_finished     1005c990 f   g_newai.obj
 0001:0005c620       _InitGameRules             1005d620 f   g_newdm.obj
 0001:0005c6f0       _FindSubstituteItem        1005d6f0 f   g_newdm.obj
 0001:0005cb60       _DoRandomRespawn           1005db60 f   g_newdm.obj
 0001:0005cca0       _PrecacheForRandomRespawn  1005dca0 f   g_newdm.obj
 0001:0005cd10       _doppleganger_die          1005dd10 f   g_newdm.obj
 0001:0005ce30       _doppleganger_pain         1005de30 f   g_newdm.obj
 0001:0005ce50       _doppleganger_timeout      1005de50 f   g_newdm.obj
 0001:0005ce80       _body_think                1005de80 f   g_newdm.obj
 0001:0005cf80       _fire_doppleganger         1005df80 f   g_newdm.obj
 0001:0005d540       _fd_secret_use             1005e540 f   g_newfnc.obj
 0001:0005d5f0       _fd_secret_killed          1005e5f0 f   g_newfnc.obj
 0001:0005d680       _fd_secret_move1           1005e680 f   g_newfnc.obj
 0001:0005d6c0       _fd_secret_move2           1005e6c0 f   g_newfnc.obj
 0001:0005d6f0       _fd_secret_move3           1005e6f0 f   g_newfnc.obj
 0001:0005d740       _fd_secret_move4           1005e740 f   g_newfnc.obj
 0001:0005d770       _fd_secret_move5           1005e770 f   g_newfnc.obj
 0001:0005d7b0       _fd_secret_move6           1005e7b0 f   g_newfnc.obj
 0001:0005d7e0       _fd_secret_done            1005e7e0 f   g_newfnc.obj
 0001:0005d840       _secret_blocked            1005e840 f   g_newfnc.obj
 0001:0005d8a0       _secret_touch              1005e8a0 f   g_newfnc.obj
 0001:0005d910       _SP_func_door_secret2      1005e910 f   g_newfnc.obj
 0001:0005de10       _force_wall_think          1005ee10 f   g_newfnc.obj
 0001:0005deb0       _force_wall_use            1005eeb0 f   g_newfnc.obj
 0001:0005df60       _force_wall_touch          1005ef60 f   g_newfnc.obj
 0001:0005e050       _SP_func_force_wall        1005f050 f   g_newfnc.obj
 0001:0005e260       _SP_func_dm_wall           1005f260 f   g_newfnc.obj
 0001:0005e680       _use_target_steam          1005f680 f   g_newtarg.obj
 0001:0005e930       _target_steam_start        1005f930 f   g_newtarg.obj
 0001:0005ea90       _SP_target_steam           1005fa90 f   g_newtarg.obj
 0001:0005eaf0       _target_anger_use          1005faf0 f   g_newtarg.obj
 0001:0005ec30       _SP_target_anger           1005fc30 f   g_newtarg.obj
 0001:0005ecd0       _use_target_monsterbattle  1005fcd0 f   g_newtarg.obj
 0001:0005ee80       _SP_target_monsterbattle   1005fe80 f   g_newtarg.obj
 0001:0005ef30       _target_killplayers_use    1005ff30 f   g_newtarg.obj
 0001:0005f0a0       _SP_target_killplayers     100600a0 f   g_newtarg.obj
 0001:0005f0c0       _blacklight_think          100600c0 f   g_newtarg.obj
 0001:0005f130       _SP_target_blacklight      10060130 f   g_newtarg.obj
 0001:0005f200       _orb_think                 10060200 f   g_newtarg.obj
 0001:0005f270       _SP_target_orb             10060270 f   g_newtarg.obj
 0001:0005f340       _target_command_use        10060340 f   g_newtarg.obj
 0001:0005f380       _SP_target_command         10060380 f   g_newtarg.obj
 0001:0005f3f0       _target_set_effect_use     100603f0 f   g_newtarg.obj
 0001:0005f520       _SP_target_set_effect      10060520 f   g_newtarg.obj
 0001:0005f590       _target_global_text_use    10060590 f   g_newtarg.obj
 0001:0005f5b0       _SP_target_global_text     100605b0 f   g_newtarg.obj
 0001:0005f650       _target_effect_at          10060650 f   g_newtarg.obj
 0001:0005f6b0       _target_effect_steam       100606b0 f   g_newtarg.obj
 0001:0005f7d0       _target_effect_splash      100607d0 f   g_newtarg.obj
 0001:0005f850       _target_effect_trail       10060850 f   g_newtarg.obj
 0001:0005f960       _target_effect_lightning   10060960 f   g_newtarg.obj
 0001:0005fa30       _target_effect_sparks      10060a30 f   g_newtarg.obj
 0001:0005faa0       _target_effect_explosion   10060aa0 f   g_newtarg.obj
 0001:0005faf0       _target_effect_tunnel_sparks 10060af0 f   g_newtarg.obj
 0001:0005fbf0       _target_effect_widowbeam   10060bf0 f   g_newtarg.obj
 0001:0005fc40       _target_effect_use         10060c40 f   g_newtarg.obj
 0001:0005fd60       _target_effect_think       10060d60 f   g_newtarg.obj
 0001:0005fda0       _SP_target_effect          10060da0 f   g_newtarg.obj
 0001:00060110       _target_movewith_use       10061110 f   g_newtarg.obj
 0001:00060270       _SP_target_movewith        10061270 f   g_newtarg.obj
 0001:00060330       _target_change_use         10061330 f   g_newtarg.obj
 0001:000608e0       _SP_target_change          100618e0 f   g_newtarg.obj
 0001:00060990       _target_rotation_use       10061990 f   g_newtarg.obj
 0001:00060bf0       _SP_target_rotation        10061bf0 f   g_newtarg.obj
 0001:00060cf0       _target_cd_use             10061cf0 f   g_newtarg.obj
 0001:00060e00       _SP_target_cd              10061e00 f   g_newtarg.obj
 0001:00060ea0       _use_target_skill          10061ea0 f   g_newtarg.obj
 0001:00060ef0       _SP_target_skill           10061ef0 f   g_newtarg.obj
 0001:00060f10       _target_sky_use            10061f10 f   g_newtarg.obj
 0001:00060fa0       _SP_target_sky             10061fa0 f   g_newtarg.obj
 0001:00061060       _use_target_fade           10062060 f   g_newtarg.obj
 0001:00061190       _SP_target_fade            10062190 f   g_newtarg.obj
 0001:00061220       _ThrowRock                 10062220 f   g_newtarg.obj
 0001:000614e0       _target_rocks_use          100624e0 f   g_newtarg.obj
 0001:00061890       _SP_target_rocks           10062890 f   g_newtarg.obj
 0001:00061930       _clone                     10062930 f   g_newtarg.obj
 0001:00062480       _target_clone_use          10063480 f   g_newtarg.obj
 0001:000624a0       _SP_target_clone           100634a0 f   g_newtarg.obj
 0001:000625a0       _target_attractor_think_single 100635a0 f   g_newtarg.obj
 0001:00063170       _target_attractor_think    10064170 f   g_newtarg.obj
 0001:00063950       _use_target_attractor      10064950 f   g_newtarg.obj
 0001:00063a70       _SP_target_attractor       10064a70 f   g_newtarg.obj
 0001:00063cc0       _target_monitor_off        10064cc0 f   g_newtarg.obj
 0001:000640c0       _target_monitor_move       100650c0 f   g_newtarg.obj
 0001:000643b0       _use_target_monitor        100653b0 f   g_newtarg.obj
 0001:00064c10       _SP_target_monitor         10065c10 f   g_newtarg.obj
 0001:00064e50       _target_animate            10065e50 f   g_newtarg.obj
 0001:00064f50       _target_animation_use      10065f50 f   g_newtarg.obj
 0001:00065150       _SP_target_animation       10066150 f   g_newtarg.obj
 0001:000652e0       _target_failure_wipe       100662e0 f   g_newtarg.obj
 0001:00065310       _target_failure_player_die 10066310 f   g_newtarg.obj
 0001:00065510       _target_failure_think      10066510 f   g_newtarg.obj
 0001:00065560       _target_failure_fade_lights 10066560 f   g_newtarg.obj
 0001:00065650       _use_target_failure        10066650 f   g_newtarg.obj
 0001:00065830       _SP_target_failure         10066830 f   g_newtarg.obj
 0001:000658a0       _target_locator_init       100668a0 f   g_newtarg.obj
 0001:00065c60       _SP_target_locator         10066c60 f   g_newtarg.obj
 0001:00067ab0       _SP_info_teleport_destination 10068ab0 f   g_newtrig.obj
 0001:00067ac0       _trigger_teleport_touch    10068ac0 f   g_newtrig.obj
 0001:00067de0       _trigger_teleport_use      10068de0 f   g_newtrig.obj
 0001:00067e20       _SP_trigger_teleport       10068e20 f   g_newtrig.obj
 0001:00067f10       _trigger_disguise_touch    10068f10 f   g_newtrig.obj
 0001:00067f60       _trigger_disguise_use      10068f60 f   g_newtrig.obj
 0001:00067fa0       _SP_trigger_disguise       10068fa0 f   g_newtrig.obj
 0001:00068190       _VerifyTarget              10069190 f   g_newutils.obj
 0001:00068290       _flechette_touch           10069290 f   g_newweap.obj
 0001:00068410       _fire_flechette            10069410 f   g_newweap.obj
 0001:000685f0       _flechette_delayed_start   100695f0 f   g_newweap.obj
 0001:00068680       _SP_flechette              10069680 f   g_newweap.obj
 0001:00068760       _prox_movewith_host        10069760 f   g_newweap.obj
 0001:000690f0       _Prox_Explode              1006a0f0 f   g_newweap.obj
 0001:000692c0       _prox_die                  1006a2c0 f   g_newweap.obj
 0001:00069330       _Prox_Field_Touch          1006a330 f   g_newweap.obj
 0001:00069400       _prox_seek                 1006a400 f   g_newweap.obj
 0001:000694d0       _prox_open                 1006a4d0 f   g_newweap.obj
 0001:00069820       _prox_land                 1006a820 f   g_newweap.obj
 0001:00069e60       _fire_prox                 1006ae60 f   g_newweap.obj
 0001:0006a2a0       _Cmd_DetProx_f             1006b2a0 f   g_newweap.obj
 0001:0006a330       _prox_delayed_start        1006b330 f   g_newweap.obj
 0001:0006a3d0       _SP_prox                   1006b3d0 f   g_newweap.obj
 0001:0006a550       _fire_player_melee         1006b550 f   g_newweap.obj
 0001:0006a800       _Nuke_Quake                1006b800 f   g_newweap.obj
 0001:0006aa70       _nuke_die                  1006ba70 f   g_newweap.obj
 0001:0006acd0       _Nuke_Think                1006bcd0 f   g_newweap.obj
 0001:0006b050       _nuke_bounce               1006c050 f   g_newweap.obj
 0001:0006b0e0       _fire_nuke                 1006c0e0 f   g_newweap.obj
 0001:0006b410       _Nbomb_Quake               1006c410 f   g_newweap.obj
 0001:0006b5d0       _nbomb_die                 1006c5d0 f   g_newweap.obj
 0001:0006b850       _Nbomb_Think               1006c850 f   g_newweap.obj
 0001:0006bb10       _nbomb_bounce              1006cb10 f   g_newweap.obj
 0001:0006bba0       _fire_nbomb                1006cba0 f   g_newweap.obj
 0001:0006bf50       _tesla_remove              1006cf50 f   g_newweap.obj
 0001:0006c0c0       _tesla_die                 1006d0c0 f   g_newweap.obj
 0001:0006c0e0       _tesla_blow                1006d0e0 f   g_newweap.obj
 0001:0006c120       _tesla_zap                 1006d120 f   g_newweap.obj
 0001:0006c130       _tesla_think_active        1006d130 f   g_newweap.obj
 0001:0006c4e0       _tesla_activate            1006d4e0 f   g_newweap.obj
 0001:0006c770       _tesla_think               1006d770 f   g_newweap.obj
 0001:0006c930       _tesla_lava                1006d930 f   g_newweap.obj
 0001:0006ca20       _fire_tesla                1006da20 f   g_newweap.obj
 0001:0006ce10       _tesla_delayed_start       1006de10 f   g_newweap.obj
 0001:0006cea0       _SP_tesla                  1006dea0 f   g_newweap.obj
 0001:0006cfd0       _fire_heat                 1006dfd0 f   g_newweap.obj
 0001:0006d590       _blaster2_touch            1006e590 f   g_newweap.obj
 0001:0006d860       _fire_blaster2             1006e860 f   g_newweap.obj
 0001:0006daf0       _bolt2_delayed_start       1006eaf0 f   g_newweap.obj
 0001:0006db80       _SP_bolt2                  1006eb80 f   g_newweap.obj
 0001:0006dc70       _tracker_pain_daemon_think 1006ec70 f   g_newweap.obj
 0001:0006de80       _tracker_pain_daemon_spawn 1006ee80 f   g_newweap.obj
 0001:0006df00       _tracker_explode           1006ef00 f   g_newweap.obj
 0001:0006df90       _tracker_touch             1006ef90 f   g_newweap.obj
 0001:0006e190       _tracker_fly               1006f190 f   g_newweap.obj
 0001:0006e3b0       _fire_tracker              1006f3b0 f   g_newweap.obj
 0001:0006e660       _tracker_delayed_start     1006f660 f   g_newweap.obj
 0001:0006e6f0       _SP_tracker                1006f6f0 f   g_newweap.obj
 0001:00070140       _PatchPlayerModels         10071140 f   g_patchplayermodels.obj
 0001:00070990       _pendulum_blocked          10071990 f   g_pendulum.obj
 0001:00071a30       _pendulum_rotate           10072a30 f   g_pendulum.obj
 0001:00071d10       _pendulum_use              10072d10 f   g_pendulum.obj
 0001:00071f30       _pendulum_die              10072f30 f   g_pendulum.obj
 0001:000722e0       _SP_func_pendulum          100732e0 f   g_pendulum.obj
 0001:00072e50       _other_FallingDamage       10073e50 f   g_phys.obj
 0001:00073050       _SV_TestEntityPosition     10074050 f   g_phys.obj
 0001:00073220       _SV_CheckVelocity          10074220 f   g_phys.obj
 0001:00073330       _SV_RunThink               10074330 f   g_phys.obj
 0001:000733c0       _SV_Impact                 100743c0 f   g_phys.obj
 0001:00073440       _ClipVelocity              10074440 f   g_phys.obj
 0001:00073530       _SV_FlyMove                10074530 f   g_phys.obj
 0001:00073ce0       _SV_PushableMove           10074ce0 f   g_phys.obj
 0001:00074810       _SV_AddGravity             10075810 f   g_phys.obj
 0001:000748c0       _SV_PushEntity             100758c0 f   g_phys.obj
 0001:00074c10       _MoveRiders                10075c10 f   g_phys.obj
 0001:00074e00       _RealBoundingBox           10075e00 f   g_phys.obj
 0001:00075320       _SV_Push                   10076320 f   g_phys.obj
 0001:000764b0       _SV_Physics_Pusher         100774b0 f   g_phys.obj
 0001:00076900       _SV_Physics_None           10077900 f   g_phys.obj
 0001:00076920       _SV_Physics_Noclip         10077920 f   g_phys.obj
 0001:000769a0       _SV_Physics_Toss           100779a0 f   g_phys.obj
 0001:000770c0       _SV_AddRotationalFriction  100780c0 f   g_phys.obj
 0001:000771e0       _RiderMass                 100781e0 f   g_phys.obj
 0001:00077370       _SV_Physics_Step           10078370 f   g_phys.obj
 0001:00078780       _SV_VehicleMove            10079780 f   g_phys.obj
 0001:000795e0       _SV_Physics_Vehicle        1007a5e0 f   g_phys.obj
 0001:00079ac0       _SV_DebrisEntity           1007aac0 f   g_phys.obj
 0001:00079ff0       _SV_Physics_Debris         1007aff0 f   g_phys.obj
 0001:0007a300       _SV_Physics_Conveyor       1007b300 f   g_phys.obj
 0001:0007a580       _G_RunEntity               1007b580 f   g_phys.obj
 0001:0007a800       _SV_Physics_NewToss        1007b800 f   g_phys.obj
 0001:0007ccb0       _InitGame                  1007dcb0 f   g_save.obj
 0001:0007d790       _WriteField1               1007e790 f   g_save.obj
 0001:0007d940       _WriteField2               1007e940 f   g_save.obj
 0001:0007d9b0       _ReadField                 1007e9b0 f   g_save.obj
 0001:0007db70       _WriteClient               1007eb70 f   g_save.obj
 0001:0007dc50       _ReadClient                1007ec50 f   g_save.obj
 0001:0007dce0       _WriteGame                 1007ece0 f   g_save.obj
 0001:0007de10       _ReadGame                  1007ee10 f   g_save.obj
 0001:0007df80       _WriteEdict                1007ef80 f   g_save.obj
 0001:0007e040       _WriteLevelLocals          1007f040 f   g_save.obj
 0001:0007e120       _ReadEdict                 1007f120 f   g_save.obj
 0001:0007e170       _ReadLevelLocals           1007f170 f   g_save.obj
 0001:0007e1d0       _WriteLevel                1007f1d0 f   g_save.obj
 0001:0007e3c0       _ReadLevel                 1007f3c0 f   g_save.obj
 0001:0007ecc0       _FMOD_Init                 1007fcc0 f   g_sound.obj
 0001:0007f150       _FMOD_Shutdown             10080150 f   g_sound.obj
 0001:0007f180       _FMOD_UpdateListenerPos    10080180 f   g_sound.obj
 0001:0007f290       _FMOD_UpdateSpeakerPos     10080290 f   g_sound.obj
 0001:0007f350       _FMOD_Stop                 10080350 f   g_sound.obj
 0001:0007f460       _CheckEndMusic             10080460 f   g_sound.obj
 0001:0007f580       _CheckEndSample            10080580 f   g_sound.obj
 0001:0007f680       _EndStream                 10080680 f   g_sound.obj
 0001:0007f740       _FMOD_PlaySound            10080740 f   g_sound.obj
 0001:0007fc70       _FMOD_StopSound            10080c70 f   g_sound.obj
 0001:0007fde0       _target_playback_die       10080de0 f   g_sound.obj
 0001:0007fe30       _target_playback_fadeout   10080e30 f   g_sound.obj
 0001:0007ff10       _target_playback_fadein    10080f10 f   g_sound.obj
 0001:00080010       _FMOD_IsPlaying            10081010 f   g_sound.obj
 0001:00080070       _Use_Target_Playback       10081070 f   g_sound.obj
 0001:000802e0       _target_playback_delayed_start 100812e0 f   g_sound.obj
 0001:00080340       _target_playback_delayed_restart 10081340 f   g_sound.obj
 0001:000803b0       _SP_target_playback        100813b0 f   g_sound.obj
 0001:00080e10       _ED_CallSpawn              10081e10 f   g_spawn.obj
 0001:00081470       _ReInitialize_Entity       10082470 f   g_spawn.obj
 0001:000814d0       _ED_NewString              100824d0 f   g_spawn.obj
 0001:00081590       _ED_ParseField             10082590 f   g_spawn.obj
 0001:00081730       _LoadAliasData             10082730 f   g_spawn.obj
 0001:000817a0       _ED_ParseEntityAlias       100827a0 f   g_spawn.obj
 0001:00081b20       _ED_ParseEdict             10082b20 f   g_spawn.obj
 0001:00081ca0       _G_FixTeams                10082ca0 f   g_spawn.obj
 0001:00081ec0       _G_FindTeams               10082ec0 f   g_spawn.obj
 0001:00082050       _LoadTransitionEnts        10083050 f   g_spawn.obj
 0001:00082430       _SpawnEntities             10083430 f   g_spawn.obj
 0001:00082bf0       _SP_worldspawn             10083bf0 f   g_spawn.obj
 0001:000834d0       _CreateMonster             100844d0 f   g_spawn.obj
 0001:000835a0       _CreateFlyMonster          100845a0 f   g_spawn.obj
 0001:00083620       _CreateGroundMonster       10084620 f   g_spawn.obj
 0001:00083700       _FindSpawnPoint            10084700 f   g_spawn.obj
 0001:00083840       _CheckSpawnPoint           10084840 f   g_spawn.obj
 0001:000838f0       _CheckGroundSpawnPoint     100848f0 f   g_spawn.obj
 0001:00083d40       _DetermineBBox             10084d40 f   g_spawn.obj
 0001:00083e40       _spawngrow_think           10084e40 f   g_spawn.obj
 0001:00083f60       _SpawnGrow_Spawn           10084f60 f   g_spawn.obj
 0001:000840f0       _widowlegs_think           100850f0 f   g_spawn.obj
 0001:000845f0       _Widowlegs_Spawn           100855f0 f   g_spawn.obj
 0001:000846c0       _Hud_On                    100856c0 f   g_spawn.obj
 0001:00084710       _Hud_Off                   10085710 f   g_spawn.obj
 0001:00084730       _Cmd_ToggleHud             10085730 f   g_spawn.obj
 0001:000855c0       _sphere_think_explode      100865c0 f   g_sphere.obj
 0001:00085620       _sphere_explode            10086620 f   g_sphere.obj
 0001:00085640       _sphere_if_idle_die        10086640 f   g_sphere.obj
 0001:00085660       _sphere_fly                10086660 f   g_sphere.obj
 0001:00085780       _sphere_chase              10086780 f   g_sphere.obj
 0001:00085b60       _sphere_fire               10086b60 f   g_sphere.obj
 0001:00085c60       _sphere_touch              10086c60 f   g_sphere.obj
 0001:00085da0       _vengeance_touch           10086da0 f   g_sphere.obj
 0001:00085df0       _hunter_touch              10086df0 f   g_sphere.obj
 0001:00085ec0       _defender_shoot            10086ec0 f   g_sphere.obj
 0001:00085ff0       _body_gib                  10086ff0 f   g_sphere.obj
 0001:00086070       _hunter_pain               10087070 f   g_sphere.obj
 0001:000863f0       _defender_pain             100873f0 f   g_sphere.obj
 0001:00086420       _vengeance_pain            10087420 f   g_sphere.obj
 0001:000864f0       _defender_think            100874f0 f   g_sphere.obj
 0001:000865f0       _hunter_think              100875f0 f   g_sphere.obj
 0001:00086890       _vengeance_think           10087890 f   g_sphere.obj
 0001:00086930       _Sphere_Spawn              10087930 f   g_sphere.obj
 0001:00086c10       _Own_Sphere                10087c10 f   g_sphere.obj
 0001:00086c90       _Defender_Launch           10087c90 f   g_sphere.obj
 0001:00086cc0       _Hunter_Launch             10087cc0 f   g_sphere.obj
 0001:00086cf0       _Vengeance_Launch          10087cf0 f   g_sphere.obj
 0001:000872f0       _Svcmd_Test_f              100882f0 f   g_svcmds.obj
 0001:00087310       _SV_FilterPacket           10088310 f   g_svcmds.obj
 0001:00087420       _SVCmd_AddIP_f             10088420 f   g_svcmds.obj
 0001:00087660       _SVCmd_RemoveIP_f          10088660 f   g_svcmds.obj
 0001:00087780       _SVCmd_ListIP_f            10088780 f   g_svcmds.obj
 0001:000877f0       _SVCmd_WriteIP_f           100887f0 f   g_svcmds.obj
 0001:00087960       _ServerCommand             10088960 f   g_svcmds.obj
 0001:00087bf0       _Use_Target_Tent           10088bf0 f   g_target.obj
 0001:00087c40       _SP_target_temp_entity     10088c40 f   g_target.obj
 0001:00087c60       _Use_Target_Speaker        10088c60 f   g_target.obj
 0001:00087d10       _SP_target_speaker         10088d10 f   g_target.obj
 0001:00087f20       _Use_Target_Help           10088f20 f   g_target.obj
 0001:00087f80       _SP_target_help            10088f80 f   g_target.obj
 0001:00088000       _use_target_secret         10089000 f   g_target.obj
 0001:00088060       _SP_target_secret          10089060 f   g_target.obj
 0001:00088140       _use_target_goal           10089140 f   g_target.obj
 0001:000881c0       _SP_target_goal            100891c0 f   g_target.obj
 0001:00088240       _target_explosion_explode  10089240 f   g_target.obj
 0001:00088360       _use_target_explosion      10089360 f   g_target.obj
 0001:000883c0       _SP_target_explosion       100893c0 f   g_target.obj
 0001:000883e0       _use_target_changelevel    100893e0 f   g_target.obj
 0001:00088c20       _SP_target_changelevel     10089c20 f   g_target.obj
 0001:00088d30       _use_target_splash         10089d30 f   g_target.obj
 0001:00088df0       _SP_target_splash          10089df0 f   g_target.obj
 0001:00088e50       _use_target_spawner        10089e50 f   g_target.obj
 0001:00088fb0       _SP_target_spawner         10089fb0 f   g_target.obj
 0001:00089030       _use_target_blaster        1008a030 f   g_target.obj
 0001:00089580       _target_blaster_think      1008a580 f   g_target.obj
 0001:00089b00       _find_target_blaster_target 1008ab00 f   g_target.obj
 0001:00089b20       _toggle_target_blaster     1008ab20 f   g_target.obj
 0001:00089bd0       _target_blaster_init       1008abd0 f   g_target.obj
 0001:00089c50       _SP_target_blaster         1008ac50 f   g_target.obj
 0001:00089de0       _trigger_crosslevel_trigger_use 1008ade0 f   g_target.obj
 0001:00089e10       _SP_target_crosslevel_trigger 1008ae10 f   g_target.obj
 0001:00089e30       _target_crosslevel_target_think 1008ae30 f   g_target.obj
 0001:00089e70       _SP_target_crosslevel_target 1008ae70 f   g_target.obj
 0001:00089ed0       _target_laser_ps_think     1008aed0 f   g_target.obj
 0001:0008a560       _target_laser_ps_on        1008b560 f   g_target.obj
 0001:0008a5f0       _target_laser_ps_off       1008b5f0 f   g_target.obj
 0001:0008a630       _target_laser_ps_use       1008b630 f   g_target.obj
 0001:0008a6b0       _target_laser_think        1008b6b0 f   g_target.obj
 0001:0008ab80       _target_laser_on           1008bb80 f   g_target.obj
 0001:0008ac20       _target_laser_off          1008bc20 f   g_target.obj
 0001:0008ac60       _target_laser_use          1008bc60 f   g_target.obj
 0001:0008ace0       _target_laser_start        1008bce0 f   g_target.obj
 0001:0008b1b0       _SP_target_laser           1008c1b0 f   g_target.obj
 0001:0008b1f0       _old_target_laser_think    1008c1f0 f   g_target.obj
 0001:0008b510       _target_mal_laser_on       1008c510 f   g_target.obj
 0001:0008b580       _target_mal_laser_off      1008c580 f   g_target.obj
 0001:0008b5c0       _target_mal_laser_use      1008c5c0 f   g_target.obj
 0001:0008b640       _mal_laser_think           1008c640 f   g_target.obj
 0001:0008b690       _target_mal_laser_start    1008c690 f   g_target.obj
 0001:0008b8d0       _SP_target_mal_laser       1008c8d0 f   g_target.obj
 0001:0008b910       _target_lightramp_think    1008c910 f   g_target.obj
 0001:0008bc90       _target_lightramp_use      1008cc90 f   g_target.obj
 0001:0008be40       _SP_target_lightramp       1008ce40 f   g_target.obj
 0001:0008c0d0       _target_earthquake_think   1008d0d0 f   g_target.obj
 0001:0008c3c0       _target_earthquake_use     1008d3c0 f   g_target.obj
 0001:0008c410       _SP_target_earthquake      1008d410 f   g_target.obj
 0001:0008d720       _SpawnThing                1008e720 f   g_thing.obj
 0001:0008d770       _thing_restore_leader      1008e770 f   g_thing.obj
 0001:0008d8a0       _thing_think               1008e8a0 f   g_thing.obj
 0001:0008dc00       _thing_think_pause         1008ec00 f   g_thing.obj
 0001:0008dd40       _thing_grenade_boom        1008ed40 f   g_thing.obj
 0001:0008ddc0       _thing_touch               1008edc0 f   g_thing.obj
 0001:0008e1b0       _SP_thing                  1008f1b0 f   g_thing.obj
 0001:0008e5e0       _UTIL_AngleMod             1008f5e0 f   g_tracktrain.obj
 0001:0008e660       _UTIL_ApproachAngle        1008f660 f   g_tracktrain.obj
 0001:0008e730       _UTIL_AngleDistance        1008f730 f   g_tracktrain.obj
 0001:0008e780       _path_track_use            1008f780 f   g_tracktrain.obj
 0001:0008e7e0       _SP_path_track             1008f7e0 f   g_tracktrain.obj
 0001:0008e8f0       _trackchange_done          1008f8f0 f   g_tracktrain.obj
 0001:0008ebb0       _trackchange_use           1008fbb0 f   g_tracktrain.obj
 0001:0008f020       _SP_func_trackchange       10090020 f   g_tracktrain.obj
 0001:0008f480       _tracktrain_drive          10090480 f   g_tracktrain.obj
 0001:0008f8b0       _tracktrain_die            100908b0 f   g_tracktrain.obj
 0001:0008f8f0       _tracktrain_disengage      100908f0 f   g_tracktrain.obj
 0001:0008fbf0       _tracktrain_hide           10090bf0 f   g_tracktrain.obj
 0001:0008fc30       _tracktrain_think          10090c30 f   g_tracktrain.obj
 0001:000916a0       _tracktrain_blocked        100926a0 f   g_tracktrain.obj
 0001:00091a40       _tracktrain_reach_dest     10092a40 f   g_tracktrain.obj
 0001:00091c20       _is_backing_up             10092c20 f   g_tracktrain.obj
 0001:00091cb0       _NextPathTrack             10092cb0 f   g_tracktrain.obj
 0001:000926f0       _LookAhead                 100936f0 f   g_tracktrain.obj
 0001:00092830       _train_angles              10093830 f   g_tracktrain.obj
 0001:00092a50       _tracktrain_turn           10093a50 f   g_tracktrain.obj
 0001:00093000       _tracktrain_next           10094000 f   g_tracktrain.obj
 0001:00093350       _func_tracktrain_find      10094350 f   g_tracktrain.obj
 0001:00093780       _tracktrain_use            10094780 f   g_tracktrain.obj
 0001:000938d0       _SP_func_tracktrain        100948d0 f   g_tracktrain.obj
 0001:00093ea0       _find_tracktrain           10094ea0 f   g_tracktrain.obj
 0001:00094470       _SP_info_train_start       10095470 f   g_tracktrain.obj
 0001:00095c90       _InitTrigger               10096c90 f   g_trigger.obj
 0001:00095d10       _InitTriggerBbox           10096d10 f   g_trigger.obj
 0001:00095e70       _multi_wait                10096e70 f   g_trigger.obj
 0001:00095e80       _multi_trigger             10096e80 f   g_trigger.obj
 0001:00095f80       _Use_Multi                 10096f80 f   g_trigger.obj
 0001:00095ff0       _Touch_Multi               10096ff0 f   g_trigger.obj
 0001:000960f0       _trigger_enable            100970f0 f   g_trigger.obj
 0001:00096120       _SP_trigger_multiple       10097120 f   g_trigger.obj
 0001:000962a0       _SP_trigger_once           100972a0 f   g_trigger.obj
 0001:00096350       _SP_trigger_bbox           10097350 f   g_trigger.obj
 0001:00096460       _trigger_relay_use         10097460 f   g_trigger.obj
 0001:000964d0       _SP_trigger_relay          100974d0 f   g_trigger.obj
 0001:00096560       _trigger_key_use           10097560 f   g_trigger.obj
 0001:000968f0       _SP_trigger_key            100978f0 f   g_trigger.obj
 0001:000969e0       _trigger_counter_use       100979e0 f   g_trigger.obj
 0001:00096ae0       _SP_trigger_counter        10097ae0 f   g_trigger.obj
 0001:00096b20       _SP_trigger_always         10097b20 f   g_trigger.obj
 0001:00096b60       _trigger_push_touch        10097b60 f   g_trigger.obj
 0001:00096da0       _trigger_push_use          10097da0 f   g_trigger.obj
 0001:00096de0       _SP_trigger_push           10097de0 f   g_trigger.obj
 0001:00096f50       _SP_trigger_push_bbox      10097f50 f   g_trigger.obj
 0001:000970c0       _hurt_use                  100980c0 f   g_trigger.obj
 0001:00097120       _hurt_touch                10098120 f   g_trigger.obj
 0001:00097240       _SP_trigger_hurt           10098240 f   g_trigger.obj
 0001:000972e0       _SP_trigger_hurt_bbox      100982e0 f   g_trigger.obj
 0001:00097380       _trigger_gravity_use       10098380 f   g_trigger.obj
 0001:000973c0       _trigger_gravity_touch     100983c0 f   g_trigger.obj
 0001:000973e0       _SP_trigger_gravity        100983e0 f   g_trigger.obj
 0001:000974a0       _SP_trigger_gravity_bbox   100984a0 f   g_trigger.obj
 0001:00097560       _trigger_monsterjump_touch 10098560 f   g_trigger.obj
 0001:00097600       _SP_trigger_monsterjump    10098600 f   g_trigger.obj
 0001:000976a0       _SP_trigger_monsterjump_bbox 100986a0 f   g_trigger.obj
 0001:00097740       _trigger_mass_touch        10098740 f   g_trigger.obj
 0001:00097780       _SP_trigger_mass           10098780 f   g_trigger.obj
 0001:000978c0       _SP_trigger_mass_bbox      100988c0 f   g_trigger.obj
 0001:000979d0       _trigger_inside_think      100989d0 f   g_trigger.obj
 0001:00097bd0       _SP_trigger_inside         10098bd0 f   g_trigger.obj
 0001:00097d10       _SP_trigger_inside_bbox    10098d10 f   g_trigger.obj
 0001:00097e20       _weight_on_top             10098e20 f   g_trigger.obj
 0001:00097eb0       _trigger_scales_think      10098eb0 f   g_trigger.obj
 0001:000981e0       _SP_trigger_scales         100991e0 f   g_trigger.obj
 0001:000982d0       _SP_trigger_scales_bbox    100992d0 f   g_trigger.obj
 0001:00098390       _trigger_look_touch        10099390 f   g_trigger.obj
 0001:00098890       _trigger_look_disable      10099890 f   g_trigger.obj
 0001:00098910       _trigger_look_enable       10099910 f   g_trigger.obj
 0001:00098940       _SP_trigger_look           10099940 f   g_trigger.obj
[...]
 0003:00094f80       _corpse_fadetime           10256f80     <common>
 0003:00094f84       _lazarus_pitch             10256f84     <common>
 0003:00094f88       _randomrespawn             10256f88     <common>
 0003:00094f8c       _joy_yawsensitivity        10256f8c     <common>
 0003:00094f90       _sv_stopspeed              10256f90     <common>
 0003:00094f94       _joy_pitchsensitivity      10256f94     <common>
 0003:00094f98       _gl_driver_fog             10256f98     <common>
 0003:00094fa0       _game                      10256fa0     <common>
 0003:000955d4       _lazarus_joyy              102575d4     <common>
 0003:000955d8       _spectator_password        102575d8     <common>
 0003:000955dc       _cl_gun                    102575dc     <common>
 0003:000955e0       _flood_persecond           102575e0     <common>
 0003:000955e4       _max_soundindex            102575e4     <common>
 0003:000955e8       _sm_meat_index             102575e8     <common>
 0003:000955ec       _bob_up                    102575ec     <common>
 0003:000955f0       _flood_msgs                102575f0     <common>
 0003:000955f4       _lazarus_cd_loop           102575f4     <common>
 0003:000955f8       _lazarus_yaw               102575f8     <common>
 0003:000955fc       _cd_loopcount              102575fc     <common>
 0003:00095600       _gun_y                     10257600     <common>
 0003:00095604       _tpp                       10257604     <common>
 0003:00095608       _m_yaw                     10257608     <common>
 0003:0009560c       _actorjump                 1025760c     <common>
 0003:00095610       _lazarus_cl_gun            10257610     <common>
 0003:00095614       _strong_mines              10257614     <common>
 0003:00095618       _allow_fog                 10257618     <common>
 0003:0009561c       _m_pitch                   1025761c     <common>
 0003:00095620       _vid_ref                   10257620     <common>
 0003:00095624       _sv_cheats                 10257624     <common>
 0003:00095628       _sv_maxvelocity            10257628     <common>
 0003:0009562c       _actorchicken              1025762c     <common>
 0003:00095630       _s_primary                 10257630     <common>
 0003:00095634       _alert_sounds              10257634     <common>
 0003:00095638       _allow_download            10257638     <common>
 0003:0009563c       _g_edicts                  1025763c     <common>
 0003:00095640       _bounce_minv               10257640     <common>
 0003:00095644       _footstep_sounds           10257644     <common>
 0003:00095648       _jetpack_weenie            10257648     <common>
 0003:0009564c       _gun_z                     1025764c     <common>
 0003:00095650       _jump_kick                 10257650     <common>
 0003:00095654       _cl_thirdperson            10257654     <common>
 0003:00095658       _g_showlogic               10257658     <common>
 0003:0009565c       _sv_gravity                1025765c     <common>
 0003:00095660       _max_modelindex            10257660     <common>
 0003:00095664       _fmod_nomusic              10257664     <common>
 0003:00095668       _crossh                    10257668     <common>
 0003:0009566c       _bounce_bounce             1025766c     <common>
 0003:00095670       _lights                    10257670     <common>
 0003:00095674       _sv_rollspeed              10257674     <common>
 0003:00095678       _zoomsnap                  10257678     <common>
 0003:0009567c       _deathmatch                1025767c     <common>
 0003:00095680       _readout                   10257680     <common>
 0003:00095684       _lazarus_crosshair         10257684     <common>
 0003:00095688       _corpse_fade               10257688     <common>
 0003:0009568c       _maxclients                1025768c     <common>
 0003:00095690       _actorscram                10257690     <common>
 0003:00095694       _coop                      10257694     <common>
 0003:00095698       _rocket_strafe             10257698     <common>
 0003:000956a0       _st                        102576a0     <common>
 0003:000956ec       _allow_clear_inventory     102576ec     <common>
 0003:00095700       _RealFunc                  10257700     <common>
 0003:000957bc       _run_pitch                 102577bc     <common>
 0003:000957c0       _timelimit                 102577c0     <common>
 0003:000957c4       _gamerules                 102577c4     <common>
 0003:000957c8       _shift_distance            102577c8     <common>
 0003:000957cc       _sv_maplist                102577cc     <common>
 0003:000957d0       _dmflags                   102577d0     <common>
 0003:000957d4       _password                  102577d4     <common>
 0003:000957d8       _gl_clear                  102577d8     <common>
 0003:000957dc       _turn_rider                102577dc     <common>
 0003:000957e0       _hand                      102577e0     <common>
 0003:000957e4       _lazarus_joyp              102577e4     <common>
 0003:000957e8       _developer                 102577e8     <common>
 0003:000957ec       _filterban                 102577ec     <common>
 0003:000957f0       _skill                     102577f0     <common>
 0003:000957f4       _meansOfDeath              102577f4     <common>
 0003:000957f8       _monsterjump               102577f8     <common>
 0003:000957fc       _packet_fmod_playback      102577fc     <common>
 0003:00095800       _g_select_empty            10257800     <common>
 0003:00095804       _zoomrate                  10257804     <common>
 0003:00095808       _lightsmin                 10257808     <common>
 0003:0009580c       _flood_waitdelay           1025780c     <common>
 0003:00095820       _globals                   10257820     <common>
 0003:00095870       _maxentities               10257870     <common>
 0003:00095874       _crosshair                 10257874     <common>
 0003:00095880       _gi                        10257880     <common>
 0003:00095940       _level                     10257940     <common>
 0003:00095aec       _gun_x                     10257aec     <common>
 0003:00095af0       _cells_index               10257af0     <common>
 0003:00095b0c       _hml_index                 10257b0c     <common>
 0003:00095b10       _magslug_index             10257b10     <common>
 0003:00095b14       _tesla_index               10257b14     <common>
 0003:00095b18       _pl_index                  10257b18     <common>
 0003:00095b1c       _noweapon_index            10257b1c     <common>
 0003:00095b20       _bullets_index             10257b20     <common>
 0003:00095b24       _disruptors_index          10257b24     <common>
 0003:00095b28       _flechettes_index          10257b28     <common>
 0003:00095b2c       _prox_index                10257b2c     <common>
 0003:00095b30       _shells_index              10257b30     <common>
 0003:00095b34       _shocksphere_index         10257b34     <common>
 0003:00095b38       _rl_index                  10257b38     <common>
 0003:00095b3c       _rockets_index             10257b3c     <common>
 0003:00095b40       _fuel_index                10257b40     <common>
 0003:00095b44       _homing_index              10257b44     <common>
 0003:00095b48       _trap_index                10257b48     <common>
 0003:00095b4c       _slugs_index               10257b4c     <common>
 0003:00095b50       _grenades_index            10257b50     <common>
 0003:00095b54       _GL_glEnable               10257b54     <common>
 0003:00095c44       _InTriggerFog              10257c44     <common>
 0003:00095c48       _GL_glFogi                 10257c48     <common>
 0003:00095c4c       _GL_glFogf                 10257c4c     <common>
 0003:00095c50       _GL_glHint                 10257c50     <common>
 0003:00095c54       _last_software_frame       10257c54     <common>
 0003:00095c60       _fade_fog                  10257c60     <common>
 0003:00095c9c       _pfog                      10257c9c     <common>
 0003:00095ca0       _trig_fade_fog             10257ca0     <common>
 0003:00095ce0       _gfogs                     10257ce0     <common>
 0003:000960a0       _GL_glClearColor           102580a0     <common>
 0003:000960a4       _last_opengl_frame         102580a4     <common>
 0003:000960a8       _GL_glDisable              102580a8     <common>
 0003:000960ac       _GL_glFogfv                102580ac     <common>
 0003:000960b0       _hOpenGL                   102580b0     <common>
 0003:000960b4       _enemy_infront             102580b4     <common>
 0003:000960c4       _enemy_range               102580c4     <common>
 0003:000960c8       _enemy_yaw                 102580c8     <common>
 0003:000960cc       _enemy_vis                 102580cc     <common>
 0003:000960d0       _tag_count                 102580d0     <common>
 0003:000960e0       _tag_token                 102580e0     <common>
 0003:000960e4       _tag_owner                 102580e4     <common>
 0003:000960e8       _dball_team2_goalscore     102580e8     <common>
 0003:000960ec       _dball_ball_startpt_count  102580ec     <common>
 0003:000960f0       _dball_team2_skin          102580f0     <common>
 0003:000960f4       _goallimit                 102580f4     <common>
 0003:000960f8       _dball_team1_goalscore     102580f8     <common>
 0003:000960fc       _dball_team1_skin          102580fc     <common>
 0003:00096100       __pfnReportHook            10258100     <common>
 0003:00096110       __pReportHookListW         10258110     <common>
 0003:00096114       __pReportHookList          10258114     <common>
 0003:00096118       ___sbh_initialized         10258118     <common>
 0003:0009612c       ___sbh_cntHeaderList       1025812c     <common>
 0003:00096130       ___sbh_pHeaderList         10258130     <common>
 0003:00096134       ___sbh_threshold           10258134     <common>
 0003:00096138       ___sbh_pHeaderScan         10258138     <common>
 0003:0009613c       ___sbh_sizeHeaderList      1025813c     <common>
 0003:00096140       ___sbh_indGroupDefer       10258140     <common>
 0003:00096144       __debugger_hook_dummy      10258144     <common>
 0003:00096150       ___active_heap             10258150     <common>
 0003:0009615c       ___env_initialized         1025815c     <common>
 0003:0009616c       ___onexitend               1025816c     <common>
 0003:00096170       ___onexitbegin             10258170     <common>
 0003:00096174       ___mbctype_initialized     10258174     <common>
 0003:00096178       ___dyn_tls_init_callback   10258178     <common>
 0003:0009617c       __nhandle                  1025817c     <common>
 0003:000961c0       ___pioinfo                 102581c0     <common>
 0003:000962c0       ___piob                    102582c0     <common>
 0003:00096600       __bufin                    10258600     <common>
 0003:00097600       __nstream                  10259600     <common>
 0003:00097604       ___setlc_active            10259604     <common>
 0003:00097614       ___unguarded_readlc_active 10259614     <common>
 0003:00097618       ___use_sse2_mathfcns       10259618     <common>
 0003:00097624       __pmatherr                 10259624     <common>
 0003:00097630       ___sse2_available          10259630     <common>
 0003:0009763c       __acmdln                   1025963c     <common>
 0004:00000000       __IMPORT_DESCRIPTOR_KERNEL32 1025a000     kernel32:KERNEL32.dll
 0004:00000014       __NULL_IMPORT_DESCRIPTOR   1025a014     kernel32:KERNEL32.dll
 0004:00000228       __imp__GetProcAddress@8    1025a228     kernel32:KERNEL32.dll
 0004:0000022c       __imp__LoadLibraryA@4      1025a22c     kernel32:KERNEL32.dll
 0004:00000230       __imp__FreeLibrary@4       1025a230     kernel32:KERNEL32.dll
 0004:00000234       __imp__GetSystemTimeAsFileTime@4 1025a234     kernel32:KERNEL32.dll
 0004:00000238       __imp__GetLastError@0      1025a238     kernel32:KERNEL32.dll
 0004:0000023c       __imp__CreateDirectoryA@8  1025a23c     kernel32:KERNEL32.dll
 0004:00000240       __imp__GetModuleFileNameW@12 1025a240     kernel32:KERNEL32.dll
 0004:00000244       __imp__WriteConsoleW@20    1025a244     kernel32:KERNEL32.dll
 0004:00000248       __imp__GetFileType@4       1025a248     kernel32:KERNEL32.dll
 0004:0000024c       __imp__GetStdHandle@4      1025a24c     kernel32:KERNEL32.dll
 0004:00000250       __imp__GetCurrentThreadId@0 1025a250     kernel32:KERNEL32.dll
 0004:00000254       __imp__GetCommandLineA@0   1025a254     kernel32:KERNEL32.dll
 0004:00000258       __imp__GetModuleHandleA@4  1025a258     kernel32:KERNEL32.dll
 0004:0000025c       __imp__TerminateProcess@8  1025a25c     kernel32:KERNEL32.dll
 0004:00000260       __imp__GetCurrentProcess@0 1025a260     kernel32:KERNEL32.dll
 0004:00000264       __imp__UnhandledExceptionFilter@4 1025a264     kernel32:KERNEL32.dll
 0004:00000268       __imp__SetUnhandledExceptionFilter@4 1025a268     kernel32:KERNEL32.dll
 0004:0000026c       __imp__IsDebuggerPresent@0 1025a26c     kernel32:KERNEL32.dll
 0004:00000270       __imp__TlsGetValue@4       1025a270     kernel32:KERNEL32.dll
 0004:00000274       __imp__GetModuleHandleW@4  1025a274     kernel32:KERNEL32.dll
 0004:00000278       __imp__TlsAlloc@0          1025a278     kernel32:KERNEL32.dll
 0004:0000027c       __imp__TlsSetValue@8       1025a27c     kernel32:KERNEL32.dll
 0004:00000280       __imp__TlsFree@4           1025a280     kernel32:KERNEL32.dll
 0004:00000284       __imp__InterlockedIncrement@4 1025a284     kernel32:KERNEL32.dll
 0004:00000288       __imp__SetLastError@4      1025a288     kernel32:KERNEL32.dll
 0004:0000028c       __imp__InterlockedDecrement@4 1025a28c     kernel32:KERNEL32.dll
 0004:00000290       __imp__GetCurrentThread@0  1025a290     kernel32:KERNEL32.dll
 0004:00000294       __imp__HeapValidate@12     1025a294     kernel32:KERNEL32.dll
 0004:00000298       __imp__IsBadReadPtr@8      1025a298     kernel32:KERNEL32.dll
 0004:0000029c       __imp__RaiseException@16   1025a29c     kernel32:KERNEL32.dll
 0004:000002a0       __imp__GetACP@0            1025a2a0     kernel32:KERNEL32.dll
 0004:000002a4       __imp__GetOEMCP@0          1025a2a4     kernel32:KERNEL32.dll
 0004:000002a8       __imp__GetCPInfo@8         1025a2a8     kernel32:KERNEL32.dll
 0004:000002ac       __imp__IsValidCodePage@4   1025a2ac     kernel32:KERNEL32.dll
 0004:000002b0       __imp__WideCharToMultiByte@32 1025a2b0     kernel32:KERNEL32.dll
 0004:000002b4       __imp__GetTimeZoneInformation@4 1025a2b4     kernel32:KERNEL32.dll
 0004:000002b8       __imp__EnterCriticalSection@4 1025a2b8     kernel32:KERNEL32.dll
 0004:000002bc       __imp__LeaveCriticalSection@4 1025a2bc     kernel32:KERNEL32.dll
 0004:000002c0       __imp__WriteFile@20        1025a2c0     kernel32:KERNEL32.dll
 0004:000002c4       __imp__GetConsoleCP@0      1025a2c4     kernel32:KERNEL32.dll
 0004:000002c8       __imp__GetConsoleMode@8    1025a2c8     kernel32:KERNEL32.dll
 0004:000002cc       __imp__SetFilePointer@16   1025a2cc     kernel32:KERNEL32.dll
 0004:000002d0       __imp__MultiByteToWideChar@24 1025a2d0     kernel32:KERNEL32.dll
 0004:000002d4       __imp__ReadFile@20         1025a2d4     kernel32:KERNEL32.dll
 0004:000002d8       __imp__CloseHandle@4       1025a2d8     kernel32:KERNEL32.dll
 0004:000002dc       __imp__RtlUnwind@16        1025a2dc     kernel32:KERNEL32.dll
 0004:000002e0       __imp__SetHandleCount@4    1025a2e0     kernel32:KERNEL32.dll
 0004:000002e4       __imp__GetStartupInfoA@4   1025a2e4     kernel32:KERNEL32.dll
 0004:000002e8       __imp__DeleteCriticalSection@4 1025a2e8     kernel32:KERNEL32.dll
 0004:000002ec       __imp__FlushFileBuffers@4  1025a2ec     kernel32:KERNEL32.dll
 0004:000002f0       __imp__FatalAppExitA@8     1025a2f0     kernel32:KERNEL32.dll
 0004:000002f4       __imp__Sleep@4             1025a2f4     kernel32:KERNEL32.dll
 0004:000002f8       __imp__ExitProcess@4       1025a2f8     kernel32:KERNEL32.dll
 0004:000002fc       __imp__SetConsoleCtrlHandler@8 1025a2fc     kernel32:KERNEL32.dll
 0004:00000300       __imp__LoadLibraryW@4      1025a300     kernel32:KERNEL32.dll
 0004:00000304       __imp__GetModuleFileNameA@12 1025a304     kernel32:KERNEL32.dll
 0004:00000308       __imp__FreeEnvironmentStringsA@4 1025a308     kernel32:KERNEL32.dll
 0004:0000030c       __imp__GetEnvironmentStrings@0 1025a30c     kernel32:KERNEL32.dll
 0004:00000310       __imp__FreeEnvironmentStringsW@4 1025a310     kernel32:KERNEL32.dll
 0004:00000314       __imp__GetEnvironmentStringsW@0 1025a314     kernel32:KERNEL32.dll
 0004:00000318       __imp__HeapDestroy@4       1025a318     kernel32:KERNEL32.dll
 0004:0000031c       __imp__HeapCreate@12       1025a31c     kernel32:KERNEL32.dll
 0004:00000320       __imp__HeapFree@12         1025a320     kernel32:KERNEL32.dll
 0004:00000324       __imp__VirtualFree@12      1025a324     kernel32:KERNEL32.dll
 0004:00000328       __imp__QueryPerformanceCounter@4 1025a328     kernel32:KERNEL32.dll
 0004:0000032c       __imp__GetTickCount@0      1025a32c     kernel32:KERNEL32.dll
 0004:00000330       __imp__GetCurrentProcessId@0 1025a330     kernel32:KERNEL32.dll
 0004:00000334       __imp__HeapAlloc@12        1025a334     kernel32:KERNEL32.dll
 0004:00000338       __imp__HeapSize@12         1025a338     kernel32:KERNEL32.dll
 0004:0000033c       __imp__HeapReAlloc@16      1025a33c     kernel32:KERNEL32.dll
 0004:00000340       __imp__VirtualAlloc@16     1025a340     kernel32:KERNEL32.dll
 0004:00000344       __imp__DebugBreak@0        1025a344     kernel32:KERNEL32.dll
 0004:00000348       __imp__OutputDebugStringA@4 1025a348     kernel32:KERNEL32.dll
 0004:0000034c       __imp__OutputDebugStringW@4 1025a34c     kernel32:KERNEL32.dll
 0004:00000350       __imp__GetStringTypeA@20   1025a350     kernel32:KERNEL32.dll
 0004:00000354       __imp__GetStringTypeW@16   1025a354     kernel32:KERNEL32.dll
 0004:00000358       __imp__LCMapStringA@24     1025a358     kernel32:KERNEL32.dll
 0004:0000035c       __imp__LCMapStringW@24     1025a35c     kernel32:KERNEL32.dll
 0004:00000360       __imp__GetTimeFormatA@24   1025a360     kernel32:KERNEL32.dll
 0004:00000364       __imp__GetDateFormatA@24   1025a364     kernel32:KERNEL32.dll
 0004:00000368       __imp__GetLocaleInfoA@16   1025a368     kernel32:KERNEL32.dll
 0004:0000036c       __imp__IsValidLocale@8     1025a36c     kernel32:KERNEL32.dll
 0004:00000370       __imp__EnumSystemLocalesA@8 1025a370     kernel32:KERNEL32.dll
 0004:00000374       __imp__GetUserDefaultLCID@0 1025a374     kernel32:KERNEL32.dll
 0004:00000378       __imp__SetStdHandle@8      1025a378     kernel32:KERNEL32.dll
 0004:0000037c       __imp__WriteConsoleA@20    1025a37c     kernel32:KERNEL32.dll
 0004:00000380       __imp__GetConsoleOutputCP@0 1025a380     kernel32:KERNEL32.dll
 0004:00000384       __imp__CreateFileA@28      1025a384     kernel32:KERNEL32.dll
 0004:00000388       __imp__InitializeCriticalSectionAndSpinCount@8 1025a388     kernel32:KERNEL32.dll
 0004:0000038c       __imp__InterlockedExchange@8 1025a38c     kernel32:KERNEL32.dll
 0004:00000390       __imp__lstrlenA@4          1025a390     kernel32:KERNEL32.dll
 0004:00000394       __imp__SetEndOfFile@4      1025a394     kernel32:KERNEL32.dll
 0004:00000398       __imp__GetProcessHeap@0    1025a398     kernel32:KERNEL32.dll
 0004:0000039c       __imp__GetLocaleInfoW@16   1025a39c     kernel32:KERNEL32.dll
 0004:000003a0       __imp__VirtualQuery@12     1025a3a0     kernel32:KERNEL32.dll
 0004:000003a4       __imp__CompareStringA@24   1025a3a4     kernel32:KERNEL32.dll
 0004:000003a8       __imp__CompareStringW@24   1025a3a8     kernel32:KERNEL32.dll
 0004:000003ac       __imp__SetEnvironmentVariableA@8 1025a3ac     kernel32:KERNEL32.dll
 0004:000003b0       \177KERNEL32_NULL_THUNK_DATA 1025a3b0     kernel32:KERNEL32.dll

 entry point at        0001:00130100

